
====================================================================================================
Running command: /home/yoonsihyung/miniconda3/envs/eureka_lab6/bin/python -u /home/yoonsihyung/workspace/eurekaverse_lab3/eurekaverse/../extreme-parkour/legged_gym/legged_gym/scripts/train.py --task go2 --exptid 2026-07-06_01-48-01_0_0 --device cuda:0 --max_iterations 50 --terrain_type it-0_run-0 --resume --load_run walk_pretrain --terrain_length 18 --terrain_width 4 --vertical_scale 0.005 --horizontal_scale 0.05 --num_cols 40 --num_rows 10 --num_goals 8
====================================================================================================
Setting headless to True, overriding (pass --gui to keep the viewer)
Loading user config located at: '/home/yoonsihyung/miniconda3/envs/eureka_lab6/lib/python3.12/site-packages/isaacsim/kit/data/Kit/IsaacLab/3.0/user.config.json'
2026-07-05T16:55:22Z [0ms] [Warning] [omni.ext.plugin] [ext: isaaclab_visualizers] Extensions config 'extension.toml' doesn't exist '/home/yoonsihyung/workspace/IsaacLab3/source/isaaclab_visualizers' or '/home/yoonsihyung/workspace/IsaacLab3/source/isaaclab_visualizers/config'
WARNING: All log messages before absl::InitializeLog() is called are written to STDERR
E0000 00:00:1783270522.903289  122475 descriptor_database.cc:633] File already exists in database: grpc/health/v1/health.proto
W0000 00:00:1783270522.903316  122475 message.cc:301] Protobuf GeneratedMessageFactory: File is already registered: grpc/health/v1/health.proto
2026-07-05T16:55:23Z [983ms] [Warning] [omni.usd_config.extension] Enable omni.materialx.libs extension to use MaterialX
2026-07-05T16:55:24Z [1,711ms] [Warning] [isaacsim.core.simulation_manager.plugin] USD stage is not available; stage-opened subscription is deferred
2026-07-05T16:55:24Z [1,711ms] [Warning] [isaacsim.core.simulation_manager.plugin] USD stage is not available; stage-opened subscription is deferred
[ISAACLAB] AppLauncher initialization complete
2026-07-05T16:55:25Z [2,605ms] [Warning] [isaaclab_physx.physics.physx_manager] TGS solver with enable_external_forces_every_iteration=False may cause noisy velocities.
[INFO]: Base environment:
	Environment device    : cuda:0
	Environment seed      : 1
	Physics step-size     : 0.005
	Rendering step-size   : 0.02
	Environment step-size : 0.02
[INFO]: Registered backend 'physx' for factory ContactSensor.
[INFO]: Physics scene prim path: /physicsScene
********************************************************************************
Start creating ground...
Automatically fixed terrain 3: goals too close to edge
Automatically fixed terrain 3: goals too close to edge
Automatically fixed terrain 3: goals too close to edge
Automatically fixed terrain 3: goals too close to edge
Automatically fixed terrain 3: goals too close to edge
Automatically fixed terrain 3: goals too close to edge
Automatically fixed terrain 3: goals too close to edge
Automatically fixed terrain 3: goals too close to edge
Automatically fixed terrain 3: goals too close to edge
Automatically fixed terrain 3: goals too close to edge
Automatically fixed terrain 3: goals too close to edge
Automatically fixed terrain 3: goals too close to edge
Automatically fixed terrain 3: goals too close to edge
Automatically fixed terrain 3: goals too close to edge
Automatically fixed terrain 3: goals too close to edge
Automatically fixed terrain 3: goals too close to edge
Automatically fixed terrain 3: goals too close to edge
Automatically fixed terrain 3: goals too close to edge
Automatically fixed terrain 3: goals too close to edge
Automatically fixed terrain 3: goals too close to edge
Automatically fixed terrain 3: goals too close to edge
Automatically fixed terrain 3: goals too close to edge
Automatically fixed terrain 3: goals too close to edge
Automatically fixed terrain 3: goals too close to edge
Automatically fixed terrain 3: goals too close to edge
Automatically fixed terrain 3: goals too close to edge
Automatically fixed terrain 3: goals too close to edge
Automatically fixed terrain 3: goals too close to edge
Automatically fixed terrain 3: goals too close to edge
Automatically fixed terrain 3: goals too close to edge
Automatically fixed terrain 3: goals too close to edge
Automatically fixed terrain 3: goals too close to edge
Automatically fixed terrain 3: goals too close to edge
Automatically fixed terrain 3: goals too close to edge
Automatically fixed terrain 3: goals too close to edge
Automatically fixed terrain 3: goals too close to edge
Automatically fixed terrain 3: goals too close to edge
Automatically fixed terrain 3: goals too close to edge
Automatically fixed terrain 3: goals too close to edge
Automatically fixed terrain 3: goals too close to edge
Automatically fixed terrain 4: min terrain height -206 is below -1
Automatically fixed terrain 4: min terrain height -213 is below -1
Automatically fixed terrain 4: min terrain height -220 is below -1
Automatically fixed terrain 4: min terrain height -226 is below -1
Automatically fixed terrain 4: min terrain height -233 is below -1
Automatically fixed terrain 4: min terrain height -240 is below -1
Automatically fixed terrain 4: min terrain height -206 is below -1
Automatically fixed terrain 4: min terrain height -213 is below -1
Automatically fixed terrain 4: min terrain height -220 is below -1
Automatically fixed terrain 4: min terrain height -226 is below -1
Automatically fixed terrain 4: min terrain height -233 is below -1
Automatically fixed terrain 4: min terrain height -240 is below -1
Automatically fixed terrain 4: min terrain height -206 is below -1
Automatically fixed terrain 4: min terrain height -213 is below -1
Automatically fixed terrain 4: min terrain height -220 is below -1
Automatically fixed terrain 4: min terrain height -226 is below -1
Automatically fixed terrain 4: min terrain height -233 is below -1
Automatically fixed terrain 4: min terrain height -240 is below -1
Automatically fixed terrain 4: min terrain height -206 is below -1
Automatically fixed terrain 4: min terrain height -213 is below -1
Automatically fixed terrain 4: min terrain height -220 is below -1
Automatically fixed terrain 4: min terrain height -226 is below -1
Automatically fixed terrain 4: min terrain height -233 is below -1
Automatically fixed terrain 4: min terrain height -240 is below -1
Automatically fixed terrain 6: obstacles length too small
Automatically fixed terrain 6: obstacles length too small
Automatically fixed terrain 6: obstacles length too small
Automatically fixed terrain 6: obstacles length too small
Automatically fixed terrain 6: obstacles length too small
Automatically fixed terrain 6: obstacles length too small
Automatically fixed terrain 6: obstacles length too small
Automatically fixed terrain 6: obstacles length too small
Automatically fixed terrain 6: obstacles length too small
Automatically fixed terrain 6: obstacles length too small
Automatically fixed terrain 6: obstacles length too small
Automatically fixed terrain 6: obstacles length too small
Automatically fixed terrain 6: obstacles length too small
Automatically fixed terrain 6: obstacles length too small
Automatically fixed terrain 6: obstacles length too small
Automatically fixed terrain 6: obstacles length too small
Automatically fixed terrain 6: obstacles length too small
Automatically fixed terrain 6: obstacles length too small
Automatically fixed terrain 6: obstacles length too small
Automatically fixed terrain 6: obstacles length too small
Automatically fixed terrain 6: obstacles length too small
Automatically fixed terrain 6: obstacles length too small
Automatically fixed terrain 6: obstacles length too small
Automatically fixed terrain 6: obstacles length too small
Automatically fixed terrain 6: obstacles length too small
Automatically fixed terrain 6: obstacles length too small
Automatically fixed terrain 6: obstacles length too small
Automatically fixed terrain 6: obstacles length too small
Automatically fixed terrain 6: obstacles length too small
Automatically fixed terrain 6: obstacles length too small
Automatically fixed terrain 6: obstacles length too small
Automatically fixed terrain 6: obstacles length too small
Automatically fixed terrain 6: obstacles length too small
Automatically fixed terrain 6: obstacles length too small
Automatically fixed terrain 6: obstacles length too small
Automatically fixed terrain 6: obstacles length too small
Automatically fixed terrain 6: obstacles length too small
Automatically fixed terrain 6: obstacles length too small
Automatically fixed terrain 6: obstacles length too small
Automatically fixed terrain 6: obstacles length too small
Automatically fixed terrain 7: obstacles length too small
Automatically fixed terrain 7: obstacles length too small
Automatically fixed terrain 7: obstacles length too small
Automatically fixed terrain 7: obstacles length too small
Automatically fixed terrain 7: obstacles length too small
Automatically fixed terrain 7: obstacles length too small
Automatically fixed terrain 7: obstacles length too small
Automatically fixed terrain 7: obstacles length too small
Converting heightmap to trimesh...
Created vertices (12920000, 3)
Created triangles (25825602, 3)
Adding trimesh to simulation...
Terrain mesh has 25825602 triangles; splitting into 9 prims for PhysX cooking...
Trimesh added
Finished creating ground. Time taken 59.71 s
********************************************************************************
[INFO]: Registered backend 'physx' for factory Articulation.
[INFO]: Time taken for scene creation Last: 69.197950 s, Mean: 69.197950 s, Std: 0.000000 s, N: 1
[INFO]: Scene manager:  <class InteractiveScene>
	Number of environments: 6144
	Environment spacing   : 5.0
	Source prim name      : /World/envs/env_0
	Global prim paths     : []
	Replicate physics     : True
[INFO]: Starting the simulation. This may take a few seconds. Please wait...
2026-07-05T16:57:55Z [152,473ms] [Warning] [usdrt.population.plugin] Last global time was not created. Did you call setEnableUsdNoticeHandling?
[INFO]: Simulation parameters for joints in /World/envs/env_.*/Robot:
+----------------------------------------------------------------------------------------------------------------------------------------------------------------------+
|                                                  Simulation Joint Information (Prim path: /World/envs/env_.*/Robot)                                                  |
+-------+----------------+-----------+---------+----------+-----------------+------------------+------------------+------------------+-----------------+---------------+
| Index | Name           | Stiffness | Damping | Armature | Static Friction | Dynamic Friction | Viscous Friction | Position Limits  | Velocity Limits | Effort Limits |
+-------+----------------+-----------+---------+----------+-----------------+------------------+------------------+------------------+-----------------+---------------+
|   0   | FL_hip_joint   |   0.000   |  0.000  |  0.000   |      0.000      |      0.000       |      0.000       | [-1.047, 1.047]  |      30.100     |    1.0e+09    |
|   1   | FR_hip_joint   |   0.000   |  0.000  |  0.000   |      0.000      |      0.000       |      0.000       | [-1.047, 1.047]  |      30.100     |    1.0e+09    |
|   2   | RL_hip_joint   |   0.000   |  0.000  |  0.000   |      0.000      |      0.000       |      0.000       | [-1.047, 1.047]  |      30.100     |    1.0e+09    |
|   3   | RR_hip_joint   |   0.000   |  0.000  |  0.000   |      0.000      |      0.000       |      0.000       | [-1.047, 1.047]  |      30.100     |    1.0e+09    |
|   4   | FL_thigh_joint |   0.000   |  0.000  |  0.000   |      0.000      |      0.000       |      0.000       | [-1.571, 3.491]  |      30.100     |    1.0e+09    |
|   5   | FR_thigh_joint |   0.000   |  0.000  |  0.000   |      0.000      |      0.000       |      0.000       | [-1.571, 3.491]  |      30.100     |    1.0e+09    |
|   6   | RL_thigh_joint |   0.000   |  0.000  |  0.000   |      0.000      |      0.000       |      0.000       | [-0.524, 4.538]  |      30.100     |    1.0e+09    |
|   7   | RR_thigh_joint |   0.000   |  0.000  |  0.000   |      0.000      |      0.000       |      0.000       | [-0.524, 4.538]  |      30.100     |    1.0e+09    |
|   8   | FL_calf_joint  |   0.000   |  0.000  |  0.000   |      0.000      |      0.000       |      0.000       | [-2.723, -0.838] |      15.700     |    1.0e+09    |
|   9   | FR_calf_joint  |   0.000   |  0.000  |  0.000   |      0.000      |      0.000       |      0.000       | [-2.723, -0.838] |      15.700     |    1.0e+09    |
|   10  | RL_calf_joint  |   0.000   |  0.000  |  0.000   |      0.000      |      0.000       |      0.000       | [-2.723, -0.838] |      15.700     |    1.0e+09    |
|   11  | RR_calf_joint  |   0.000   |  0.000  |  0.000   |      0.000      |      0.000       |      0.000       | [-2.723, -0.838] |      15.700     |    1.0e+09    |
+-------+----------------+-----------+---------+----------+-----------------+------------------+------------------+------------------+-----------------+---------------+
[INFO]: Time taken for simulation start Last: 94.226777 s, Mean: 94.226777 s, Std: 0.000000 s, N: 1
[INFO]: Completed setting up the environment...
Using MLP and Priviliged Env encoder ActorCritic structure
********************************************************************************
Loading model from /home/yoonsihyung/workspace/eurekaverse_lab3/extreme-parkour/legged_gym/logs/parkour/walk_pretrain/model_1000.pt...
********************************************************************************
Starting training, using log directory /home/yoonsihyung/workspace/eurekaverse_lab3/extreme-parkour/legged_gym/logs/parkour/2026-07-06_01-48-01_0_0...
Updating dagger...
################################################################################
                     [1m Learning iteration 1000/1050 [0m                     

                       Computation: 18295 steps/s (collection: 7.392s, learning 0.668s)
               Value function loss: 0.2449
                    Surrogate loss: 0.2574
             Mean action noise std: 0.33
                    Estimator loss: 0.0787
               Mean reward (total): 0.12
               Mean episode length: 22.81
--------------------------------------------------------------------------------
            Mean episode rew_total: -0.0110
      Mean episode rew_action_rate: -0.0036
       Mean episode rew_ang_vel_xy: -0.0067
        Mean episode rew_collision: -0.0007
    Mean episode rew_delta_torques: -0.0000
          Mean episode rew_dof_acc: -0.0040
        Mean episode rew_dof_error: -0.0009
        Mean episode rew_feet_edge: 0.0000
     Mean episode rew_feet_stumble: 0.0000
          Mean episode rew_hip_pos: -0.0018
        Mean episode rew_lin_vel_z: -0.0021
      Mean episode rew_orientation: 0.0000
          Mean episode rew_torques: -0.0003
Mean episode rew_tracking_goal_vel: 0.0029
     Mean episode rew_tracking_yaw: 0.0061
        Mean episode terrain_level: 0.3352
Mean episode highest_terrain_level: 1.0111
      Mean episode randomize_level: 0.0000
--------------------------------------------------------------------------------
                   Total timesteps: 147456
                    Iteration time: 8.06s
                        Total time: 8.06s
                               ETA: 6 mins 43.0 s

################################################################################
                     [1m Learning iteration 1001/1050 [0m                     

                       Computation: 30683 steps/s (collection: 4.504s, learning 0.301s)
               Value function loss: 0.0696
                    Surrogate loss: -0.0013
             Mean action noise std: 0.33
                    Estimator loss: 0.0847
               Mean reward (total): 0.45
               Mean episode length: 46.28
--------------------------------------------------------------------------------
            Mean episode rew_total: -0.0446
      Mean episode rew_action_rate: -0.0092
       Mean episode rew_ang_vel_xy: -0.0209
        Mean episode rew_collision: -0.0095
    Mean episode rew_delta_torques: -0.0000
          Mean episode rew_dof_acc: -0.0080
        Mean episode rew_dof_error: -0.0030
        Mean episode rew_feet_edge: 0.0000
     Mean episode rew_feet_stumble: -0.0000
          Mean episode rew_hip_pos: -0.0081
        Mean episode rew_lin_vel_z: -0.0056
      Mean episode rew_orientation: 0.0000
          Mean episode rew_torques: -0.0009
Mean episode rew_tracking_goal_vel: 0.0064
     Mean episode rew_tracking_yaw: 0.0143
        Mean episode terrain_level: 0.2935
Mean episode highest_terrain_level: 1.0111
      Mean episode randomize_level: 0.0000
--------------------------------------------------------------------------------
                   Total timesteps: 294912
                    Iteration time: 4.81s
                        Total time: 12.87s
                               ETA: 5 mins 15.2 s

################################################################################
                     [1m Learning iteration 1002/1050 [0m                     

                       Computation: 32500 steps/s (collection: 4.237s, learning 0.300s)
               Value function loss: 0.0569
                    Surrogate loss: -0.0050
             Mean action noise std: 0.34
                    Estimator loss: 0.0580
               Mean reward (total): 0.75
               Mean episode length: 68.79
--------------------------------------------------------------------------------
            Mean episode rew_total: -0.0450
      Mean episode rew_action_rate: -0.0153
       Mean episode rew_ang_vel_xy: -0.0214
        Mean episode rew_collision: -0.0126
    Mean episode rew_delta_torques: -0.0000
          Mean episode rew_dof_acc: -0.0116
        Mean episode rew_dof_error: -0.0043
        Mean episode rew_feet_edge: 0.0000
     Mean episode rew_feet_stumble: -0.0003
          Mean episode rew_hip_pos: -0.0103
        Mean episode rew_lin_vel_z: -0.0077
      Mean episode rew_orientation: 0.0000
          Mean episode rew_torques: -0.0014
Mean episode rew_tracking_goal_vel: 0.0177
     Mean episode rew_tracking_yaw: 0.0222
        Mean episode terrain_level: 0.2559
Mean episode highest_terrain_level: 1.0111
      Mean episode randomize_level: 0.0000
--------------------------------------------------------------------------------
                   Total timesteps: 442368
                    Iteration time: 4.54s
                        Total time: 17.40s
                               ETA: 4 mins 38.4 s

################################################################################
                     [1m Learning iteration 1003/1050 [0m                     

                       Computation: 31053 steps/s (collection: 4.440s, learning 0.309s)
               Value function loss: 0.0645
                    Surrogate loss: -0.0031
             Mean action noise std: 0.34
                    Estimator loss: 0.0575
               Mean reward (total): 1.19
               Mean episode length: 91.38
--------------------------------------------------------------------------------
            Mean episode rew_total: -0.0416
      Mean episode rew_action_rate: -0.0200
       Mean episode rew_ang_vel_xy: -0.0235
        Mean episode rew_collision: -0.0274
    Mean episode rew_delta_torques: -0.0000
          Mean episode rew_dof_acc: -0.0138
        Mean episode rew_dof_error: -0.0051
        Mean episode rew_feet_edge: 0.0000
     Mean episode rew_feet_stumble: -0.0017
          Mean episode rew_hip_pos: -0.0118
        Mean episode rew_lin_vel_z: -0.0075
      Mean episode rew_orientation: 0.0000
          Mean episode rew_torques: -0.0019
Mean episode rew_tracking_goal_vel: 0.0403
     Mean episode rew_tracking_yaw: 0.0306
        Mean episode terrain_level: 0.2344
Mean episode highest_terrain_level: 1.0111
      Mean episode randomize_level: 0.0000
--------------------------------------------------------------------------------
                   Total timesteps: 589824
                    Iteration time: 4.75s
                        Total time: 22.15s
                               ETA: 4 mins 20.3 s

################################################################################
                     [1m Learning iteration 1004/1050 [0m                     

                       Computation: 29467 steps/s (collection: 4.704s, learning 0.300s)
               Value function loss: 0.0715
                    Surrogate loss: -0.0049
             Mean action noise std: 0.34
                    Estimator loss: 0.0664
               Mean reward (total): 1.47
               Mean episode length: 112.60
--------------------------------------------------------------------------------
            Mean episode rew_total: -0.0532
      Mean episode rew_action_rate: -0.0238
       Mean episode rew_ang_vel_xy: -0.0263
        Mean episode rew_collision: -0.0477
    Mean episode rew_delta_torques: -0.0000
          Mean episode rew_dof_acc: -0.0152
        Mean episode rew_dof_error: -0.0059
        Mean episode rew_feet_edge: 0.0000
     Mean episode rew_feet_stumble: -0.0031
          Mean episode rew_hip_pos: -0.0139
        Mean episode rew_lin_vel_z: -0.0076
      Mean episode rew_orientation: 0.0000
          Mean episode rew_torques: -0.0022
Mean episode rew_tracking_goal_vel: 0.0533
     Mean episode rew_tracking_yaw: 0.0392
        Mean episode terrain_level: 0.2183
Mean episode highest_terrain_level: 1.0111
      Mean episode randomize_level: 0.0000
--------------------------------------------------------------------------------
                   Total timesteps: 737280
                    Iteration time: 5.00s
                        Total time: 27.15s
                               ETA: 4 mins 9.8 s

################################################################################
                     [1m Learning iteration 1005/1050 [0m                     

                       Computation: 28481 steps/s (collection: 4.868s, learning 0.310s)
               Value function loss: 0.0635
                    Surrogate loss: -0.0032
             Mean action noise std: 0.34
                    Estimator loss: 0.0714
               Mean reward (total): 1.83
               Mean episode length: 133.42
--------------------------------------------------------------------------------
            Mean episode rew_total: -0.0598
      Mean episode rew_action_rate: -0.0271
       Mean episode rew_ang_vel_xy: -0.0267
        Mean episode rew_collision: -0.0792
    Mean episode rew_delta_torques: -0.0000
          Mean episode rew_dof_acc: -0.0159
        Mean episode rew_dof_error: -0.0063
        Mean episode rew_feet_edge: 0.0000
     Mean episode rew_feet_stumble: -0.0078
          Mean episode rew_hip_pos: -0.0137
        Mean episode rew_lin_vel_z: -0.0078
      Mean episode rew_orientation: 0.0000
          Mean episode rew_torques: -0.0025
Mean episode rew_tracking_goal_vel: 0.0783
     Mean episode rew_tracking_yaw: 0.0490
        Mean episode terrain_level: 0.2013
Mean episode highest_terrain_level: 1.0111
      Mean episode randomize_level: 0.0000
--------------------------------------------------------------------------------
                   Total timesteps: 884736
                    Iteration time: 5.18s
                        Total time: 32.33s
                               ETA: 4 mins 2.5 s

################################################################################
                     [1m Learning iteration 1006/1050 [0m                     

                       Computation: 27749 steps/s (collection: 5.007s, learning 0.307s)
               Value function loss: 0.0559
                    Surrogate loss: -0.0022
             Mean action noise std: 0.34
                    Estimator loss: 0.0729
               Mean reward (total): 1.83
               Mean episode length: 150.18
--------------------------------------------------------------------------------
            Mean episode rew_total: -0.0993
      Mean episode rew_action_rate: -0.0308
       Mean episode rew_ang_vel_xy: -0.0290
        Mean episode rew_collision: -0.1172
    Mean episode rew_delta_torques: -0.0000
          Mean episode rew_dof_acc: -0.0177
        Mean episode rew_dof_error: -0.0072
        Mean episode rew_feet_edge: 0.0000
     Mean episode rew_feet_stumble: -0.0104
          Mean episode rew_hip_pos: -0.0151
        Mean episode rew_lin_vel_z: -0.0083
      Mean episode rew_orientation: 0.0000
          Mean episode rew_torques: -0.0028
Mean episode rew_tracking_goal_vel: 0.0826
     Mean episode rew_tracking_yaw: 0.0566
        Mean episode terrain_level: 0.1856
Mean episode highest_terrain_level: 1.0111
      Mean episode randomize_level: 0.0000
--------------------------------------------------------------------------------
                   Total timesteps: 1032192
                    Iteration time: 5.31s
                        Total time: 37.65s
                               ETA: 3 mins 56.6 s

################################################################################
                     [1m Learning iteration 1007/1050 [0m                     

                       Computation: 27054 steps/s (collection: 5.141s, learning 0.310s)
               Value function loss: 0.0489
                    Surrogate loss: -0.0028
             Mean action noise std: 0.34
                    Estimator loss: 0.0717
               Mean reward (total): 2.19
               Mean episode length: 169.21
--------------------------------------------------------------------------------
            Mean episode rew_total: -0.1436
      Mean episode rew_action_rate: -0.0345
       Mean episode rew_ang_vel_xy: -0.0334
        Mean episode rew_collision: -0.1697
    Mean episode rew_delta_torques: -0.0000
          Mean episode rew_dof_acc: -0.0190
        Mean episode rew_dof_error: -0.0078
        Mean episode rew_feet_edge: 0.0000
     Mean episode rew_feet_stumble: -0.0144
          Mean episode rew_hip_pos: -0.0166
        Mean episode rew_lin_vel_z: -0.0085
      Mean episode rew_orientation: 0.0000
          Mean episode rew_torques: -0.0031
Mean episode rew_tracking_goal_vel: 0.0997
     Mean episode rew_tracking_yaw: 0.0638
        Mean episode terrain_level: 0.1692
Mean episode highest_terrain_level: 1.0111
      Mean episode randomize_level: 0.0000
--------------------------------------------------------------------------------
                   Total timesteps: 1179648
                    Iteration time: 5.45s
                        Total time: 43.10s
                               ETA: 3 mins 51.6 s

################################################################################
                     [1m Learning iteration 1008/1050 [0m                     

                       Computation: 26634 steps/s (collection: 5.235s, learning 0.301s)
               Value function loss: 0.0428
                    Surrogate loss: -0.0067
             Mean action noise std: 0.35
                    Estimator loss: 0.0720
               Mean reward (total): 2.35
               Mean episode length: 192.84
--------------------------------------------------------------------------------
            Mean episode rew_total: -0.2098
      Mean episode rew_action_rate: -0.0375
       Mean episode rew_ang_vel_xy: -0.0352
        Mean episode rew_collision: -0.2298
    Mean episode rew_delta_torques: -0.0000
          Mean episode rew_dof_acc: -0.0199
        Mean episode rew_dof_error: -0.0087
        Mean episode rew_feet_edge: 0.0000
     Mean episode rew_feet_stumble: -0.0175
          Mean episode rew_hip_pos: -0.0181
        Mean episode rew_lin_vel_z: -0.0092
      Mean episode rew_orientation: 0.0000
          Mean episode rew_torques: -0.0035
Mean episode rew_tracking_goal_vel: 0.0985
     Mean episode rew_tracking_yaw: 0.0712
        Mean episode terrain_level: 0.1562
Mean episode highest_terrain_level: 1.0111
      Mean episode randomize_level: 0.0000
--------------------------------------------------------------------------------
                   Total timesteps: 1327104
                    Iteration time: 5.54s
                        Total time: 48.63s
                               ETA: 3 mins 47.0 s

################################################################################
                     [1m Learning iteration 1009/1050 [0m                     

                       Computation: 26276 steps/s (collection: 5.307s, learning 0.305s)
               Value function loss: 0.0378
                    Surrogate loss: -0.0031
             Mean action noise std: 0.35
                    Estimator loss: 0.0692
               Mean reward (total): 2.42
               Mean episode length: 204.56
--------------------------------------------------------------------------------
            Mean episode rew_total: -0.2307
      Mean episode rew_action_rate: -0.0411
       Mean episode rew_ang_vel_xy: -0.0361
        Mean episode rew_collision: -0.2468
    Mean episode rew_delta_torques: -0.0000
          Mean episode rew_dof_acc: -0.0215
        Mean episode rew_dof_error: -0.0097
        Mean episode rew_feet_edge: 0.0000
     Mean episode rew_feet_stumble: -0.0213
          Mean episode rew_hip_pos: -0.0196
        Mean episode rew_lin_vel_z: -0.0096
      Mean episode rew_orientation: 0.0000
          Mean episode rew_torques: -0.0038
Mean episode rew_tracking_goal_vel: 0.1005
     Mean episode rew_tracking_yaw: 0.0783
        Mean episode terrain_level: 0.1425
Mean episode highest_terrain_level: 1.0111
      Mean episode randomize_level: 0.0000
--------------------------------------------------------------------------------
                   Total timesteps: 1474560
                    Iteration time: 5.61s
                        Total time: 54.24s
                               ETA: 3 mins 42.4 s

################################################################################
                     [1m Learning iteration 1010/1050 [0m                     

                       Computation: 26287 steps/s (collection: 5.296s, learning 0.313s)
               Value function loss: 0.0285
                    Surrogate loss: -0.0048
             Mean action noise std: 0.35
                    Estimator loss: 0.0676
               Mean reward (total): 2.46
               Mean episode length: 202.20
--------------------------------------------------------------------------------
            Mean episode rew_total: -0.2705
      Mean episode rew_action_rate: -0.0426
       Mean episode rew_ang_vel_xy: -0.0388
        Mean episode rew_collision: -0.2853
    Mean episode rew_delta_torques: -0.0000
          Mean episode rew_dof_acc: -0.0224
        Mean episode rew_dof_error: -0.0100
        Mean episode rew_feet_edge: 0.0000
     Mean episode rew_feet_stumble: -0.0235
          Mean episode rew_hip_pos: -0.0213
        Mean episode rew_lin_vel_z: -0.0100
      Mean episode rew_orientation: 0.0000
          Mean episode rew_torques: -0.0039
Mean episode rew_tracking_goal_vel: 0.1080
     Mean episode rew_tracking_yaw: 0.0794
        Mean episode terrain_level: 0.1309
Mean episode highest_terrain_level: 1.0111
      Mean episode randomize_level: 0.0000
--------------------------------------------------------------------------------
                   Total timesteps: 1622016
                    Iteration time: 5.61s
                        Total time: 59.85s
                               ETA: 3 mins 37.6 s

################################################################################
                     [1m Learning iteration 1011/1050 [0m                     

                       Computation: 25914 steps/s (collection: 5.389s, learning 0.301s)
               Value function loss: 0.0254
                    Surrogate loss: -0.0037
             Mean action noise std: 0.35
                    Estimator loss: 0.0656
               Mean reward (total): 2.60
               Mean episode length: 230.57
--------------------------------------------------------------------------------
            Mean episode rew_total: -0.3310
      Mean episode rew_action_rate: -0.0463
       Mean episode rew_ang_vel_xy: -0.0379
        Mean episode rew_collision: -0.3415
    Mean episode rew_delta_torques: -0.0000
          Mean episode rew_dof_acc: -0.0241
        Mean episode rew_dof_error: -0.0110
        Mean episode rew_feet_edge: 0.0000
     Mean episode rew_feet_stumble: -0.0268
          Mean episode rew_hip_pos: -0.0227
        Mean episode rew_lin_vel_z: -0.0102
      Mean episode rew_orientation: 0.0000
          Mean episode rew_torques: -0.0043
Mean episode rew_tracking_goal_vel: 0.1076
     Mean episode rew_tracking_yaw: 0.0862
        Mean episode terrain_level: 0.1210
Mean episode highest_terrain_level: 1.0111
      Mean episode randomize_level: 0.0000
--------------------------------------------------------------------------------
                   Total timesteps: 1769472
                    Iteration time: 5.69s
                        Total time: 65.54s
                               ETA: 3 mins 33.0 s

################################################################################
                     [1m Learning iteration 1012/1050 [0m                     

                       Computation: 25687 steps/s (collection: 5.431s, learning 0.310s)
               Value function loss: 0.0234
                    Surrogate loss: -0.0076
             Mean action noise std: 0.35
                    Estimator loss: 0.0647
               Mean reward (total): 2.52
               Mean episode length: 244.58
--------------------------------------------------------------------------------
            Mean episode rew_total: -0.3510
      Mean episode rew_action_rate: -0.0483
       Mean episode rew_ang_vel_xy: -0.0407
        Mean episode rew_collision: -0.3498
    Mean episode rew_delta_torques: -0.0000
          Mean episode rew_dof_acc: -0.0249
        Mean episode rew_dof_error: -0.0121
        Mean episode rew_feet_edge: 0.0000
     Mean episode rew_feet_stumble: -0.0290
          Mean episode rew_hip_pos: -0.0258
        Mean episode rew_lin_vel_z: -0.0107
      Mean episode rew_orientation: 0.0000
          Mean episode rew_torques: -0.0045
Mean episode rew_tracking_goal_vel: 0.1041
     Mean episode rew_tracking_yaw: 0.0907
        Mean episode terrain_level: 0.1119
Mean episode highest_terrain_level: 1.0111
      Mean episode randomize_level: 0.0000
--------------------------------------------------------------------------------
                   Total timesteps: 1916928
                    Iteration time: 5.74s
                        Total time: 71.28s
                               ETA: 3 mins 28.4 s

################################################################################
                     [1m Learning iteration 1013/1050 [0m                     

                       Computation: 25430 steps/s (collection: 5.488s, learning 0.310s)
               Value function loss: 0.0240
                    Surrogate loss: -0.0041
             Mean action noise std: 0.35
                    Estimator loss: 0.0635
               Mean reward (total): 2.56
               Mean episode length: 236.60
--------------------------------------------------------------------------------
            Mean episode rew_total: -0.3981
      Mean episode rew_action_rate: -0.0496
       Mean episode rew_ang_vel_xy: -0.0431
        Mean episode rew_collision: -0.3952
    Mean episode rew_delta_torques: -0.0000
          Mean episode rew_dof_acc: -0.0253
        Mean episode rew_dof_error: -0.0124
        Mean episode rew_feet_edge: 0.0000
     Mean episode rew_feet_stumble: -0.0354
          Mean episode rew_hip_pos: -0.0265
        Mean episode rew_lin_vel_z: -0.0119
      Mean episode rew_orientation: 0.0000
          Mean episode rew_torques: -0.0047
Mean episode rew_tracking_goal_vel: 0.1148
     Mean episode rew_tracking_yaw: 0.0911
        Mean episode terrain_level: 0.1052
Mean episode highest_terrain_level: 1.0111
      Mean episode randomize_level: 0.0000
--------------------------------------------------------------------------------
                   Total timesteps: 2064384
                    Iteration time: 5.80s
                        Total time: 77.08s
                               ETA: 3 mins 23.7 s

################################################################################
                     [1m Learning iteration 1014/1050 [0m                     

                       Computation: 25224 steps/s (collection: 5.545s, learning 0.301s)
               Value function loss: 0.0217
                    Surrogate loss: -0.0058
             Mean action noise std: 0.36
                    Estimator loss: 0.0628
               Mean reward (total): 2.71
               Mean episode length: 259.87
--------------------------------------------------------------------------------
            Mean episode rew_total: -0.4389
      Mean episode rew_action_rate: -0.0511
       Mean episode rew_ang_vel_xy: -0.0433
        Mean episode rew_collision: -0.4299
    Mean episode rew_delta_torques: -0.0000
          Mean episode rew_dof_acc: -0.0267
        Mean episode rew_dof_error: -0.0123
        Mean episode rew_feet_edge: 0.0000
     Mean episode rew_feet_stumble: -0.0362
          Mean episode rew_hip_pos: -0.0258
        Mean episode rew_lin_vel_z: -0.0111
      Mean episode rew_orientation: 0.0000
          Mean episode rew_torques: -0.0048
Mean episode rew_tracking_goal_vel: 0.1087
     Mean episode rew_tracking_yaw: 0.0937
        Mean episode terrain_level: 0.0987
Mean episode highest_terrain_level: 1.0111
      Mean episode randomize_level: 0.0000
--------------------------------------------------------------------------------
                   Total timesteps: 2211840
                    Iteration time: 5.85s
                        Total time: 82.93s
                               ETA: 3 mins 19.0 s

################################################################################
                     [1m Learning iteration 1015/1050 [0m                     

                       Computation: 24938 steps/s (collection: 5.612s, learning 0.301s)
               Value function loss: 0.0176
                    Surrogate loss: -0.0058
             Mean action noise std: 0.36
                    Estimator loss: 0.0634
               Mean reward (total): 2.63
               Mean episode length: 258.69
--------------------------------------------------------------------------------
            Mean episode rew_total: -0.4650
      Mean episode rew_action_rate: -0.0542
       Mean episode rew_ang_vel_xy: -0.0452
        Mean episode rew_collision: -0.4614
    Mean episode rew_delta_torques: -0.0000
          Mean episode rew_dof_acc: -0.0270
        Mean episode rew_dof_error: -0.0131
        Mean episode rew_feet_edge: 0.0000
     Mean episode rew_feet_stumble: -0.0394
          Mean episode rew_hip_pos: -0.0274
        Mean episode rew_lin_vel_z: -0.0118
      Mean episode rew_orientation: 0.0000
          Mean episode rew_torques: -0.0050
Mean episode rew_tracking_goal_vel: 0.1185
     Mean episode rew_tracking_yaw: 0.1008
        Mean episode terrain_level: 0.0932
Mean episode highest_terrain_level: 1.0111
      Mean episode randomize_level: 0.0000
--------------------------------------------------------------------------------
                   Total timesteps: 2359296
                    Iteration time: 5.91s
                        Total time: 88.84s
                               ETA: 3 mins 14.3 s

################################################################################
                     [1m Learning iteration 1016/1050 [0m                     

                       Computation: 24824 steps/s (collection: 5.639s, learning 0.301s)
               Value function loss: 0.0259
                    Surrogate loss: -0.0041
             Mean action noise std: 0.36
                    Estimator loss: 0.0674
               Mean reward (total): 2.51
               Mean episode length: 269.52
--------------------------------------------------------------------------------
            Mean episode rew_total: -0.6485
      Mean episode rew_action_rate: -0.0563
       Mean episode rew_ang_vel_xy: -0.0443
        Mean episode rew_collision: -0.6286
    Mean episode rew_delta_torques: -0.0000
          Mean episode rew_dof_acc: -0.0289
        Mean episode rew_dof_error: -0.0142
        Mean episode rew_feet_edge: 0.0000
     Mean episode rew_feet_stumble: -0.0478
          Mean episode rew_hip_pos: -0.0309
        Mean episode rew_lin_vel_z: -0.0115
      Mean episode rew_orientation: 0.0000
          Mean episode rew_torques: -0.0052
Mean episode rew_tracking_goal_vel: 0.1170
     Mean episode rew_tracking_yaw: 0.1021
        Mean episode terrain_level: 0.0869
Mean episode highest_terrain_level: 1.0111
      Mean episode randomize_level: 0.0000
--------------------------------------------------------------------------------
                   Total timesteps: 2506752
                    Iteration time: 5.94s
                        Total time: 94.78s
                               ETA: 3 mins 9.6 s

################################################################################
                     [1m Learning iteration 1017/1050 [0m                     

                       Computation: 24837 steps/s (collection: 5.629s, learning 0.308s)
               Value function loss: 0.0140
                    Surrogate loss: -0.0032
             Mean action noise std: 0.36
                    Estimator loss: 0.0582
               Mean reward (total): 2.52
               Mean episode length: 276.20
--------------------------------------------------------------------------------
            Mean episode rew_total: -0.5941
      Mean episode rew_action_rate: -0.0583
       Mean episode rew_ang_vel_xy: -0.0456
        Mean episode rew_collision: -0.5798
    Mean episode rew_delta_torques: -0.0000
          Mean episode rew_dof_acc: -0.0285
        Mean episode rew_dof_error: -0.0140
        Mean episode rew_feet_edge: 0.0000
     Mean episode rew_feet_stumble: -0.0456
          Mean episode rew_hip_pos: -0.0284
        Mean episode rew_lin_vel_z: -0.0117
      Mean episode rew_orientation: 0.0000
          Mean episode rew_torques: -0.0054
Mean episode rew_tracking_goal_vel: 0.1128
     Mean episode rew_tracking_yaw: 0.1106
        Mean episode terrain_level: 0.0817
Mean episode highest_terrain_level: 1.0111
      Mean episode randomize_level: 0.0000
--------------------------------------------------------------------------------
                   Total timesteps: 2654208
                    Iteration time: 5.94s
                        Total time: 100.72s
                               ETA: 3 mins 4.6 s

################################################################################
                     [1m Learning iteration 1018/1050 [0m                     

                       Computation: 24803 steps/s (collection: 5.634s, learning 0.311s)
               Value function loss: 0.0141
                    Surrogate loss: -0.0066
             Mean action noise std: 0.36
                    Estimator loss: 0.0635
               Mean reward (total): 2.73
               Mean episode length: 323.60
--------------------------------------------------------------------------------
            Mean episode rew_total: -0.7711
      Mean episode rew_action_rate: -0.0608
       Mean episode rew_ang_vel_xy: -0.0482
        Mean episode rew_collision: -0.7455
    Mean episode rew_delta_torques: -0.0000
          Mean episode rew_dof_acc: -0.0288
        Mean episode rew_dof_error: -0.0153
        Mean episode rew_feet_edge: 0.0000
     Mean episode rew_feet_stumble: -0.0488
          Mean episode rew_hip_pos: -0.0319
        Mean episode rew_lin_vel_z: -0.0119
      Mean episode rew_orientation: 0.0000
          Mean episode rew_torques: -0.0057
Mean episode rew_tracking_goal_vel: 0.1091
     Mean episode rew_tracking_yaw: 0.1167
        Mean episode terrain_level: 0.0772
Mean episode highest_terrain_level: 1.0111
      Mean episode randomize_level: 0.0000
--------------------------------------------------------------------------------
                   Total timesteps: 2801664
                    Iteration time: 5.95s
                        Total time: 106.66s
                               ETA: 2 mins 59.6 s

################################################################################
                     [1m Learning iteration 1019/1050 [0m                     

                       Computation: 24659 steps/s (collection: 5.669s, learning 0.311s)
               Value function loss: 0.0133
                    Surrogate loss: -0.0064
             Mean action noise std: 0.36
                    Estimator loss: 0.0626
               Mean reward (total): 2.57
               Mean episode length: 304.88
--------------------------------------------------------------------------------
            Mean episode rew_total: -0.6411
      Mean episode rew_action_rate: -0.0601
       Mean episode rew_ang_vel_xy: -0.0494
        Mean episode rew_collision: -0.6079
    Mean episode rew_delta_torques: -0.0000
          Mean episode rew_dof_acc: -0.0295
        Mean episode rew_dof_error: -0.0151
        Mean episode rew_feet_edge: 0.0000
     Mean episode rew_feet_stumble: -0.0458
          Mean episode rew_hip_pos: -0.0315
        Mean episode rew_lin_vel_z: -0.0122
      Mean episode rew_orientation: 0.0000
          Mean episode rew_torques: -0.0054
Mean episode rew_tracking_goal_vel: 0.1029
     Mean episode rew_tracking_yaw: 0.1129
        Mean episode terrain_level: 0.0710
Mean episode highest_terrain_level: 1.0111
      Mean episode randomize_level: 0.0000
--------------------------------------------------------------------------------
                   Total timesteps: 2949120
                    Iteration time: 5.98s
                        Total time: 112.64s
                               ETA: 2 mins 54.6 s

Updating dagger...
################################################################################
                     [1m Learning iteration 1020/1050 [0m                     

                       Computation: 23794 steps/s (collection: 5.735s, learning 0.462s)
               Value function loss: 0.0160
                    Surrogate loss: 0.2261
             Mean action noise std: 0.37
                    Estimator loss: 0.0670
               Mean reward (total): 2.65
               Mean episode length: 301.06
--------------------------------------------------------------------------------
            Mean episode rew_total: -0.6769
      Mean episode rew_action_rate: -0.0619
       Mean episode rew_ang_vel_xy: -0.0464
        Mean episode rew_collision: -0.6512
    Mean episode rew_delta_torques: -0.0000
          Mean episode rew_dof_acc: -0.0296
        Mean episode rew_dof_error: -0.0156
        Mean episode rew_feet_edge: 0.0000
     Mean episode rew_feet_stumble: -0.0473
          Mean episode rew_hip_pos: -0.0323
        Mean episode rew_lin_vel_z: -0.0113
      Mean episode rew_orientation: 0.0000
          Mean episode rew_torques: -0.0055
Mean episode rew_tracking_goal_vel: 0.1079
     Mean episode rew_tracking_yaw: 0.1162
        Mean episode terrain_level: 0.0653
Mean episode highest_terrain_level: 1.0111
      Mean episode randomize_level: 0.0000
--------------------------------------------------------------------------------
                   Total timesteps: 3096576
                    Iteration time: 6.20s
                        Total time: 118.84s
                               ETA: 2 mins 49.8 s

################################################################################
                     [1m Learning iteration 1021/1050 [0m                     

                       Computation: 24460 steps/s (collection: 5.726s, learning 0.302s)
               Value function loss: 0.0130
                    Surrogate loss: -0.0038
             Mean action noise std: 0.37
                    Estimator loss: 0.0690
               Mean reward (total): 2.41
               Mean episode length: 275.87
--------------------------------------------------------------------------------
            Mean episode rew_total: -0.7503
      Mean episode rew_action_rate: -0.0600
       Mean episode rew_ang_vel_xy: -0.0486
        Mean episode rew_collision: -0.7166
    Mean episode rew_delta_torques: -0.0000
          Mean episode rew_dof_acc: -0.0290
        Mean episode rew_dof_error: -0.0160
        Mean episode rew_feet_edge: 0.0000
     Mean episode rew_feet_stumble: -0.0512
          Mean episode rew_hip_pos: -0.0338
        Mean episode rew_lin_vel_z: -0.0127
      Mean episode rew_orientation: 0.0000
          Mean episode rew_torques: -0.0058
Mean episode rew_tracking_goal_vel: 0.1122
     Mean episode rew_tracking_yaw: 0.1113
        Mean episode terrain_level: 0.0609
Mean episode highest_terrain_level: 1.0111
      Mean episode randomize_level: 0.0000
--------------------------------------------------------------------------------
                   Total timesteps: 3244032
                    Iteration time: 6.03s
                        Total time: 124.87s
                               ETA: 2 mins 44.6 s

################################################################################
                     [1m Learning iteration 1022/1050 [0m                     

                       Computation: 24317 steps/s (collection: 5.761s, learning 0.302s)
               Value function loss: 0.0123
                    Surrogate loss: -0.0063
             Mean action noise std: 0.37
                    Estimator loss: 0.0648
               Mean reward (total): 2.56
               Mean episode length: 306.25
--------------------------------------------------------------------------------
            Mean episode rew_total: -0.8051
      Mean episode rew_action_rate: -0.0622
       Mean episode rew_ang_vel_xy: -0.0490
        Mean episode rew_collision: -0.7657
    Mean episode rew_delta_torques: -0.0000
          Mean episode rew_dof_acc: -0.0307
        Mean episode rew_dof_error: -0.0162
        Mean episode rew_feet_edge: 0.0000
     Mean episode rew_feet_stumble: -0.0517
          Mean episode rew_hip_pos: -0.0343
        Mean episode rew_lin_vel_z: -0.0120
      Mean episode rew_orientation: 0.0000
          Mean episode rew_torques: -0.0056
Mean episode rew_tracking_goal_vel: 0.1085
     Mean episode rew_tracking_yaw: 0.1138
        Mean episode terrain_level: 0.0575
Mean episode highest_terrain_level: 1.0111
      Mean episode randomize_level: 0.0000
--------------------------------------------------------------------------------
                   Total timesteps: 3391488
                    Iteration time: 6.06s
                        Total time: 130.93s
                               ETA: 2 mins 39.4 s

################################################################################
                     [1m Learning iteration 1023/1050 [0m                     

                       Computation: 24239 steps/s (collection: 5.772s, learning 0.311s)
               Value function loss: 0.0116
                    Surrogate loss: -0.0078
             Mean action noise std: 0.37
                    Estimator loss: 0.0628
               Mean reward (total): 2.78
               Mean episode length: 337.12
--------------------------------------------------------------------------------
            Mean episode rew_total: -0.9303
      Mean episode rew_action_rate: -0.0682
       Mean episode rew_ang_vel_xy: -0.0539
        Mean episode rew_collision: -0.8689
    Mean episode rew_delta_torques: -0.0000
          Mean episode rew_dof_acc: -0.0338
        Mean episode rew_dof_error: -0.0176
        Mean episode rew_feet_edge: 0.0000
     Mean episode rew_feet_stumble: -0.0595
          Mean episode rew_hip_pos: -0.0388
        Mean episode rew_lin_vel_z: -0.0134
      Mean episode rew_orientation: 0.0000
          Mean episode rew_torques: -0.0063
Mean episode rew_tracking_goal_vel: 0.1087
     Mean episode rew_tracking_yaw: 0.1214
        Mean episode terrain_level: 0.0534
Mean episode highest_terrain_level: 1.0111
      Mean episode randomize_level: 0.0000
--------------------------------------------------------------------------------
                   Total timesteps: 3538944
                    Iteration time: 6.08s
                        Total time: 137.02s
                               ETA: 2 mins 34.1 s

################################################################################
                     [1m Learning iteration 1024/1050 [0m                     

                       Computation: 24213 steps/s (collection: 5.774s, learning 0.316s)
               Value function loss: 0.0110
                    Surrogate loss: -0.0056
             Mean action noise std: 0.37
                    Estimator loss: 0.0603
               Mean reward (total): 2.70
               Mean episode length: 334.38
--------------------------------------------------------------------------------
            Mean episode rew_total: -0.7496
      Mean episode rew_action_rate: -0.0665
       Mean episode rew_ang_vel_xy: -0.0509
        Mean episode rew_collision: -0.7078
    Mean episode rew_delta_torques: -0.0000
          Mean episode rew_dof_acc: -0.0321
        Mean episode rew_dof_error: -0.0163
        Mean episode rew_feet_edge: 0.0000
     Mean episode rew_feet_stumble: -0.0574
          Mean episode rew_hip_pos: -0.0341
        Mean episode rew_lin_vel_z: -0.0124
      Mean episode rew_orientation: 0.0000
          Mean episode rew_torques: -0.0061
Mean episode rew_tracking_goal_vel: 0.1110
     Mean episode rew_tracking_yaw: 0.1230
        Mean episode terrain_level: 0.0485
Mean episode highest_terrain_level: 1.0111
      Mean episode randomize_level: 0.0000
--------------------------------------------------------------------------------
                   Total timesteps: 3686400
                    Iteration time: 6.09s
                        Total time: 143.11s
                               ETA: 2 mins 28.8 s

################################################################################
                     [1m Learning iteration 1025/1050 [0m                     

                       Computation: 23930 steps/s (collection: 5.848s, learning 0.314s)
               Value function loss: 0.0096
                    Surrogate loss: -0.0072
             Mean action noise std: 0.37
                    Estimator loss: 0.0589
               Mean reward (total): 2.61
               Mean episode length: 322.01
--------------------------------------------------------------------------------
            Mean episode rew_total: -1.0290
      Mean episode rew_action_rate: -0.0703
       Mean episode rew_ang_vel_xy: -0.0566
        Mean episode rew_collision: -0.9651
    Mean episode rew_delta_torques: -0.0000
          Mean episode rew_dof_acc: -0.0347
        Mean episode rew_dof_error: -0.0178
        Mean episode rew_feet_edge: 0.0000
     Mean episode rew_feet_stumble: -0.0695
          Mean episode rew_hip_pos: -0.0402
        Mean episode rew_lin_vel_z: -0.0139
      Mean episode rew_orientation: 0.0000
          Mean episode rew_torques: -0.0064
Mean episode rew_tracking_goal_vel: 0.1190
     Mean episode rew_tracking_yaw: 0.1265
        Mean episode terrain_level: 0.0444
Mean episode highest_terrain_level: 1.0111
      Mean episode randomize_level: 0.0000
--------------------------------------------------------------------------------
                   Total timesteps: 3833856
                    Iteration time: 6.16s
                        Total time: 149.27s
                               ETA: 2 mins 23.5 s

################################################################################
                     [1m Learning iteration 1026/1050 [0m                     

                       Computation: 23940 steps/s (collection: 5.857s, learning 0.302s)
               Value function loss: 0.0095
                    Surrogate loss: -0.0058
             Mean action noise std: 0.38
                    Estimator loss: 0.0587
               Mean reward (total): 2.76
               Mean episode length: 335.23
--------------------------------------------------------------------------------
            Mean episode rew_total: -0.9966
      Mean episode rew_action_rate: -0.0706
       Mean episode rew_ang_vel_xy: -0.0527
        Mean episode rew_collision: -0.9572
    Mean episode rew_delta_torques: -0.0000
          Mean episode rew_dof_acc: -0.0345
        Mean episode rew_dof_error: -0.0177
        Mean episode rew_feet_edge: 0.0000
     Mean episode rew_feet_stumble: -0.0587
          Mean episode rew_hip_pos: -0.0384
        Mean episode rew_lin_vel_z: -0.0127
      Mean episode rew_orientation: 0.0000
          Mean episode rew_torques: -0.0065
Mean episode rew_tracking_goal_vel: 0.1256
     Mean episode rew_tracking_yaw: 0.1267
        Mean episode terrain_level: 0.0412
Mean episode highest_terrain_level: 1.0111
      Mean episode randomize_level: 0.0000
--------------------------------------------------------------------------------
                   Total timesteps: 3981312
                    Iteration time: 6.16s
                        Total time: 155.43s
                               ETA: 2 mins 18.2 s

################################################################################
                     [1m Learning iteration 1027/1050 [0m                     

                       Computation: 23779 steps/s (collection: 5.889s, learning 0.312s)
               Value function loss: 0.0094
                    Surrogate loss: -0.0028
             Mean action noise std: 0.38
                    Estimator loss: 0.0588
               Mean reward (total): 2.95
               Mean episode length: 322.83
--------------------------------------------------------------------------------
            Mean episode rew_total: -1.0606
      Mean episode rew_action_rate: -0.0713
       Mean episode rew_ang_vel_xy: -0.0553
        Mean episode rew_collision: -1.0039
    Mean episode rew_delta_torques: -0.0000
          Mean episode rew_dof_acc: -0.0348
        Mean episode rew_dof_error: -0.0186
        Mean episode rew_feet_edge: 0.0000
     Mean episode rew_feet_stumble: -0.0659
          Mean episode rew_hip_pos: -0.0391
        Mean episode rew_lin_vel_z: -0.0133
      Mean episode rew_orientation: 0.0000
          Mean episode rew_torques: -0.0065
Mean episode rew_tracking_goal_vel: 0.1195
     Mean episode rew_tracking_yaw: 0.1286
        Mean episode terrain_level: 0.0385
Mean episode highest_terrain_level: 1.0111
      Mean episode randomize_level: 0.0000
--------------------------------------------------------------------------------
                   Total timesteps: 4128768
                    Iteration time: 6.20s
                        Total time: 161.63s
                               ETA: 2 mins 12.8 s

################################################################################
                     [1m Learning iteration 1028/1050 [0m                     

                       Computation: 23659 steps/s (collection: 5.923s, learning 0.310s)
               Value function loss: 0.0088
                    Surrogate loss: -0.0069
             Mean action noise std: 0.38
                    Estimator loss: 0.0606
               Mean reward (total): 2.96
               Mean episode length: 354.21
--------------------------------------------------------------------------------
            Mean episode rew_total: -1.1022
      Mean episode rew_action_rate: -0.0747
       Mean episode rew_ang_vel_xy: -0.0572
        Mean episode rew_collision: -1.0400
    Mean episode rew_delta_torques: -0.0000
          Mean episode rew_dof_acc: -0.0355
        Mean episode rew_dof_error: -0.0186
        Mean episode rew_feet_edge: 0.0000
     Mean episode rew_feet_stumble: -0.0724
          Mean episode rew_hip_pos: -0.0419
        Mean episode rew_lin_vel_z: -0.0140
      Mean episode rew_orientation: 0.0000
          Mean episode rew_torques: -0.0068
Mean episode rew_tracking_goal_vel: 0.1252
     Mean episode rew_tracking_yaw: 0.1337
        Mean episode terrain_level: 0.0348
Mean episode highest_terrain_level: 1.0111
      Mean episode randomize_level: 0.0000
--------------------------------------------------------------------------------
                   Total timesteps: 4276224
                    Iteration time: 6.23s
                        Total time: 167.86s
                               ETA: 2 mins 7.3 s

################################################################################
                     [1m Learning iteration 1029/1050 [0m                     

                       Computation: 23574 steps/s (collection: 5.953s, learning 0.302s)
               Value function loss: 0.0082
                    Surrogate loss: -0.0052
             Mean action noise std: 0.38
                    Estimator loss: 0.0591
               Mean reward (total): 2.65
               Mean episode length: 320.22
--------------------------------------------------------------------------------
            Mean episode rew_total: -1.1747
      Mean episode rew_action_rate: -0.0730
       Mean episode rew_ang_vel_xy: -0.0564
        Mean episode rew_collision: -1.1191
    Mean episode rew_delta_torques: -0.0000
          Mean episode rew_dof_acc: -0.0340
        Mean episode rew_dof_error: -0.0189
        Mean episode rew_feet_edge: 0.0000
     Mean episode rew_feet_stumble: -0.0715
          Mean episode rew_hip_pos: -0.0431
        Mean episode rew_lin_vel_z: -0.0134
      Mean episode rew_orientation: 0.0000
          Mean episode rew_torques: -0.0069
Mean episode rew_tracking_goal_vel: 0.1268
     Mean episode rew_tracking_yaw: 0.1348
        Mean episode terrain_level: 0.0318
Mean episode highest_terrain_level: 1.0111
      Mean episode randomize_level: 0.0000
--------------------------------------------------------------------------------
                   Total timesteps: 4423680
                    Iteration time: 6.25s
                        Total time: 174.11s
                               ETA: 2 mins 1.9 s

################################################################################
                     [1m Learning iteration 1030/1050 [0m                     

                       Computation: 23517 steps/s (collection: 5.958s, learning 0.313s)
               Value function loss: 0.0082
                    Surrogate loss: -0.0039
             Mean action noise std: 0.38
                    Estimator loss: 0.0585
               Mean reward (total): 2.92
               Mean episode length: 345.61
--------------------------------------------------------------------------------
            Mean episode rew_total: -1.0426
      Mean episode rew_action_rate: -0.0773
       Mean episode rew_ang_vel_xy: -0.0595
        Mean episode rew_collision: -0.9910
    Mean episode rew_delta_torques: -0.0000
          Mean episode rew_dof_acc: -0.0370
        Mean episode rew_dof_error: -0.0194
        Mean episode rew_feet_edge: 0.0000
     Mean episode rew_feet_stumble: -0.0680
          Mean episode rew_hip_pos: -0.0394
        Mean episode rew_lin_vel_z: -0.0145
      Mean episode rew_orientation: 0.0000
          Mean episode rew_torques: -0.0072
Mean episode rew_tracking_goal_vel: 0.1314
     Mean episode rew_tracking_yaw: 0.1392
        Mean episode terrain_level: 0.0286
Mean episode highest_terrain_level: 1.0111
      Mean episode randomize_level: 0.0000
--------------------------------------------------------------------------------
                   Total timesteps: 4571136
                    Iteration time: 6.27s
                        Total time: 180.38s
                               ETA: 1 mins 56.4 s

################################################################################
                     [1m Learning iteration 1031/1050 [0m                     

                       Computation: 23407 steps/s (collection: 5.998s, learning 0.301s)
               Value function loss: 0.0081
                    Surrogate loss: -0.0050
             Mean action noise std: 0.38
                    Estimator loss: 0.0577
               Mean reward (total): 2.83
               Mean episode length: 381.09
--------------------------------------------------------------------------------
            Mean episode rew_total: -1.3952
      Mean episode rew_action_rate: -0.0745
       Mean episode rew_ang_vel_xy: -0.0550
        Mean episode rew_collision: -1.3306
    Mean episode rew_delta_torques: -0.0000
          Mean episode rew_dof_acc: -0.0343
        Mean episode rew_dof_error: -0.0192
        Mean episode rew_feet_edge: 0.0000
     Mean episode rew_feet_stumble: -0.0739
          Mean episode rew_hip_pos: -0.0427
        Mean episode rew_lin_vel_z: -0.0131
      Mean episode rew_orientation: 0.0000
          Mean episode rew_torques: -0.0071
Mean episode rew_tracking_goal_vel: 0.1201
     Mean episode rew_tracking_yaw: 0.1351
        Mean episode terrain_level: 0.0270
Mean episode highest_terrain_level: 1.0111
      Mean episode randomize_level: 0.0000
--------------------------------------------------------------------------------
                   Total timesteps: 4718592
                    Iteration time: 6.30s
                        Total time: 186.68s
                               ETA: 1 mins 50.8 s

################################################################################
                     [1m Learning iteration 1032/1050 [0m                     

                       Computation: 23489 steps/s (collection: 5.965s, learning 0.313s)
               Value function loss: 0.0078
                    Surrogate loss: -0.0071
             Mean action noise std: 0.39
                    Estimator loss: 0.0576
               Mean reward (total): 2.82
               Mean episode length: 371.03
--------------------------------------------------------------------------------
            Mean episode rew_total: -1.2533
      Mean episode rew_action_rate: -0.0748
       Mean episode rew_ang_vel_xy: -0.0559
        Mean episode rew_collision: -1.1810
    Mean episode rew_delta_torques: -0.0000
          Mean episode rew_dof_acc: -0.0364
        Mean episode rew_dof_error: -0.0206
        Mean episode rew_feet_edge: 0.0000
     Mean episode rew_feet_stumble: -0.0725
          Mean episode rew_hip_pos: -0.0484
        Mean episode rew_lin_vel_z: -0.0141
      Mean episode rew_orientation: 0.0000
          Mean episode rew_torques: -0.0068
Mean episode rew_tracking_goal_vel: 0.1273
     Mean episode rew_tracking_yaw: 0.1299
        Mean episode terrain_level: 0.0244
Mean episode highest_terrain_level: 1.0111
      Mean episode randomize_level: 0.0000
--------------------------------------------------------------------------------
                   Total timesteps: 4866048
                    Iteration time: 6.28s
                        Total time: 192.96s
                               ETA: 1 mins 45.3 s

################################################################################
                     [1m Learning iteration 1033/1050 [0m                     

                       Computation: 23382 steps/s (collection: 6.004s, learning 0.302s)
               Value function loss: 0.0108
                    Surrogate loss: -0.0069
             Mean action noise std: 0.39
                    Estimator loss: 0.0601
               Mean reward (total): 2.81
               Mean episode length: 332.96
--------------------------------------------------------------------------------
            Mean episode rew_total: -1.0706
      Mean episode rew_action_rate: -0.0737
       Mean episode rew_ang_vel_xy: -0.0512
        Mean episode rew_collision: -1.0085
    Mean episode rew_delta_torques: -0.0000
          Mean episode rew_dof_acc: -0.0353
        Mean episode rew_dof_error: -0.0200
        Mean episode rew_feet_edge: 0.0000
     Mean episode rew_feet_stumble: -0.0749
          Mean episode rew_hip_pos: -0.0432
        Mean episode rew_lin_vel_z: -0.0121
      Mean episode rew_orientation: 0.0000
          Mean episode rew_torques: -0.0066
Mean episode rew_tracking_goal_vel: 0.1213
     Mean episode rew_tracking_yaw: 0.1337
        Mean episode terrain_level: 0.0217
Mean episode highest_terrain_level: 1.0111
      Mean episode randomize_level: 0.0000
--------------------------------------------------------------------------------
                   Total timesteps: 5013504
                    Iteration time: 6.31s
                        Total time: 199.27s
                               ETA: 1 mins 39.6 s

################################################################################
                     [1m Learning iteration 1034/1050 [0m                     

                       Computation: 23489 steps/s (collection: 5.966s, learning 0.312s)
               Value function loss: 0.0070
                    Surrogate loss: -0.0043
             Mean action noise std: 0.39
                    Estimator loss: 0.0551
               Mean reward (total): 2.62
               Mean episode length: 361.70
--------------------------------------------------------------------------------
            Mean episode rew_total: -1.6469
      Mean episode rew_action_rate: -0.0851
       Mean episode rew_ang_vel_xy: -0.0644
        Mean episode rew_collision: -1.5435
    Mean episode rew_delta_torques: -0.0000
          Mean episode rew_dof_acc: -0.0393
        Mean episode rew_dof_error: -0.0226
        Mean episode rew_feet_edge: 0.0000
     Mean episode rew_feet_stumble: -0.0959
          Mean episode rew_hip_pos: -0.0514
        Mean episode rew_lin_vel_z: -0.0148
      Mean episode rew_orientation: 0.0000
          Mean episode rew_torques: -0.0080
Mean episode rew_tracking_goal_vel: 0.1275
     Mean episode rew_tracking_yaw: 0.1507
        Mean episode terrain_level: 0.0191
Mean episode highest_terrain_level: 1.0111
      Mean episode randomize_level: 0.0000
--------------------------------------------------------------------------------
                   Total timesteps: 5160960
                    Iteration time: 6.28s
                        Total time: 205.55s
                               ETA: 1 mins 34.0 s

################################################################################
                     [1m Learning iteration 1035/1050 [0m                     

                       Computation: 23576 steps/s (collection: 5.952s, learning 0.302s)
               Value function loss: 0.0066
                    Surrogate loss: -0.0060
             Mean action noise std: 0.39
                    Estimator loss: 0.0588
               Mean reward (total): 2.74
               Mean episode length: 411.48
--------------------------------------------------------------------------------
            Mean episode rew_total: -1.4125
      Mean episode rew_action_rate: -0.0873
       Mean episode rew_ang_vel_xy: -0.0616
        Mean episode rew_collision: -1.3229
    Mean episode rew_delta_torques: -0.0000
          Mean episode rew_dof_acc: -0.0390
        Mean episode rew_dof_error: -0.0217
        Mean episode rew_feet_edge: 0.0000
     Mean episode rew_feet_stumble: -0.0873
          Mean episode rew_hip_pos: -0.0468
        Mean episode rew_lin_vel_z: -0.0142
      Mean episode rew_orientation: 0.0000
          Mean episode rew_torques: -0.0079
Mean episode rew_tracking_goal_vel: 0.1179
     Mean episode rew_tracking_yaw: 0.1583
        Mean episode terrain_level: 0.0148
Mean episode highest_terrain_level: 1.0111
      Mean episode randomize_level: 0.0000
--------------------------------------------------------------------------------
                   Total timesteps: 5308416
                    Iteration time: 6.25s
                        Total time: 211.80s
                               ETA: 1 mins 28.2 s

################################################################################
                     [1m Learning iteration 1036/1050 [0m                     

                       Computation: 23353 steps/s (collection: 5.999s, learning 0.315s)
               Value function loss: 0.0067
                    Surrogate loss: -0.0045
             Mean action noise std: 0.39
                    Estimator loss: 0.0577
               Mean reward (total): 2.97
               Mean episode length: 405.48
--------------------------------------------------------------------------------
            Mean episode rew_total: -1.3365
      Mean episode rew_action_rate: -0.0860
       Mean episode rew_ang_vel_xy: -0.0632
        Mean episode rew_collision: -1.2458
    Mean episode rew_delta_torques: -0.0000
          Mean episode rew_dof_acc: -0.0391
        Mean episode rew_dof_error: -0.0216
        Mean episode rew_feet_edge: 0.0000
     Mean episode rew_feet_stumble: -0.0945
          Mean episode rew_hip_pos: -0.0500
        Mean episode rew_lin_vel_z: -0.0148
      Mean episode rew_orientation: 0.0000
          Mean episode rew_torques: -0.0078
Mean episode rew_tracking_goal_vel: 0.1305
     Mean episode rew_tracking_yaw: 0.1559
        Mean episode terrain_level: 0.0116
Mean episode highest_terrain_level: 1.0111
      Mean episode randomize_level: 0.0000
--------------------------------------------------------------------------------
                   Total timesteps: 5455872
                    Iteration time: 6.31s
                        Total time: 218.11s
                               ETA: 1 mins 22.5 s

################################################################################
                     [1m Learning iteration 1037/1050 [0m                     

                       Computation: 23419 steps/s (collection: 5.994s, learning 0.302s)
               Value function loss: 0.0066
                    Surrogate loss: -0.0060
             Mean action noise std: 0.39
                    Estimator loss: 0.0584
               Mean reward (total): 2.99
               Mean episode length: 355.81
--------------------------------------------------------------------------------
            Mean episode rew_total: -1.1651
      Mean episode rew_action_rate: -0.0798
       Mean episode rew_ang_vel_xy: -0.0596
        Mean episode rew_collision: -1.0910
    Mean episode rew_delta_torques: -0.0000
          Mean episode rew_dof_acc: -0.0380
        Mean episode rew_dof_error: -0.0206
        Mean episode rew_feet_edge: 0.0000
     Mean episode rew_feet_stumble: -0.0747
          Mean episode rew_hip_pos: -0.0477
        Mean episode rew_lin_vel_z: -0.0145
      Mean episode rew_orientation: 0.0000
          Mean episode rew_torques: -0.0068
Mean episode rew_tracking_goal_vel: 0.1305
     Mean episode rew_tracking_yaw: 0.1372
        Mean episode terrain_level: 0.0094
Mean episode highest_terrain_level: 1.0111
      Mean episode randomize_level: 0.0000
--------------------------------------------------------------------------------
                   Total timesteps: 5603328
                    Iteration time: 6.30s
                        Total time: 224.41s
                               ETA: 1 mins 16.8 s

################################################################################
                     [1m Learning iteration 1038/1050 [0m                     

                       Computation: 23193 steps/s (collection: 6.045s, learning 0.312s)
               Value function loss: 0.0064
                    Surrogate loss: -0.0073
             Mean action noise std: 0.40
                    Estimator loss: 0.0570
               Mean reward (total): 3.03
               Mean episode length: 432.58
--------------------------------------------------------------------------------
            Mean episode rew_total: -1.4643
      Mean episode rew_action_rate: -0.0900
       Mean episode rew_ang_vel_xy: -0.0626
        Mean episode rew_collision: -1.3595
    Mean episode rew_delta_torques: -0.0000
          Mean episode rew_dof_acc: -0.0436
        Mean episode rew_dof_error: -0.0229
        Mean episode rew_feet_edge: 0.0000
     Mean episode rew_feet_stumble: -0.0936
          Mean episode rew_hip_pos: -0.0521
        Mean episode rew_lin_vel_z: -0.0147
      Mean episode rew_orientation: 0.0000
          Mean episode rew_torques: -0.0075
Mean episode rew_tracking_goal_vel: 0.1275
     Mean episode rew_tracking_yaw: 0.1547
        Mean episode terrain_level: 0.0067
Mean episode highest_terrain_level: 1.0111
      Mean episode randomize_level: 0.0000
--------------------------------------------------------------------------------
                   Total timesteps: 5750784
                    Iteration time: 6.36s
                        Total time: 230.77s
                               ETA: 1 mins 11.0 s

################################################################################
                     [1m Learning iteration 1039/1050 [0m                     

                       Computation: 23129 steps/s (collection: 6.066s, learning 0.309s)
               Value function loss: 0.0062
                    Surrogate loss: -0.0053
             Mean action noise std: 0.40
                    Estimator loss: 0.0570
               Mean reward (total): 2.82
               Mean episode length: 407.10
--------------------------------------------------------------------------------
            Mean episode rew_total: -1.5280
      Mean episode rew_action_rate: -0.0837
       Mean episode rew_ang_vel_xy: -0.0609
        Mean episode rew_collision: -1.4394
    Mean episode rew_delta_torques: -0.0000
          Mean episode rew_dof_acc: -0.0386
        Mean episode rew_dof_error: -0.0215
        Mean episode rew_feet_edge: 0.0000
     Mean episode rew_feet_stumble: -0.0908
          Mean episode rew_hip_pos: -0.0459
        Mean episode rew_lin_vel_z: -0.0137
      Mean episode rew_orientation: 0.0000
          Mean episode rew_torques: -0.0074
Mean episode rew_tracking_goal_vel: 0.1258
     Mean episode rew_tracking_yaw: 0.1480
        Mean episode terrain_level: 0.0040
Mean episode highest_terrain_level: 1.0111
      Mean episode randomize_level: 0.0000
--------------------------------------------------------------------------------
                   Total timesteps: 5898240
                    Iteration time: 6.38s
                        Total time: 237.14s
                               ETA: 1 mins 5.2 s

Updating dagger...
################################################################################
                     [1m Learning iteration 1040/1050 [0m                     

                       Computation: 22554 steps/s (collection: 6.082s, learning 0.455s)
               Value function loss: 0.0083
                    Surrogate loss: 0.1741
             Mean action noise std: 0.40
                    Estimator loss: 0.0607
               Mean reward (total): 3.01
               Mean episode length: 435.04
--------------------------------------------------------------------------------
            Mean episode rew_total: -1.7747
      Mean episode rew_action_rate: -0.0945
       Mean episode rew_ang_vel_xy: -0.0689
        Mean episode rew_collision: -1.6427
    Mean episode rew_delta_torques: -0.0000
          Mean episode rew_dof_acc: -0.0432
        Mean episode rew_dof_error: -0.0254
        Mean episode rew_feet_edge: 0.0000
     Mean episode rew_feet_stumble: -0.1113
          Mean episode rew_hip_pos: -0.0579
        Mean episode rew_lin_vel_z: -0.0161
      Mean episode rew_orientation: 0.0000
          Mean episode rew_torques: -0.0087
Mean episode rew_tracking_goal_vel: 0.1307
     Mean episode rew_tracking_yaw: 0.1633
        Mean episode terrain_level: 0.0019
Mean episode highest_terrain_level: 1.0111
      Mean episode randomize_level: 0.0000
--------------------------------------------------------------------------------
                   Total timesteps: 6045696
                    Iteration time: 6.54s
                        Total time: 243.68s
                               ETA: 0 mins 59.4 s

################################################################################
                     [1m Learning iteration 1041/1050 [0m                     

                       Computation: 23060 steps/s (collection: 6.092s, learning 0.302s)
               Value function loss: 0.0069
                    Surrogate loss: -0.0043
             Mean action noise std: 0.40
                    Estimator loss: 0.0629
               Mean reward (total): 2.91
               Mean episode length: 371.90
--------------------------------------------------------------------------------
            Mean episode rew_total: -1.5588
      Mean episode rew_action_rate: -0.0787
       Mean episode rew_ang_vel_xy: -0.0588
        Mean episode rew_collision: -1.4675
    Mean episode rew_delta_torques: -0.0000
          Mean episode rew_dof_acc: -0.0368
        Mean episode rew_dof_error: -0.0204
        Mean episode rew_feet_edge: 0.0000
     Mean episode rew_feet_stumble: -0.0852
          Mean episode rew_hip_pos: -0.0482
        Mean episode rew_lin_vel_z: -0.0138
      Mean episode rew_orientation: 0.0000
          Mean episode rew_torques: -0.0071
Mean episode rew_tracking_goal_vel: 0.1216
     Mean episode rew_tracking_yaw: 0.1361
        Mean episode terrain_level: 0.0001
Mean episode highest_terrain_level: 1.0111
      Mean episode randomize_level: 0.0000
--------------------------------------------------------------------------------
                   Total timesteps: 6193152
                    Iteration time: 6.39s
                        Total time: 250.07s
                               ETA: 0 mins 53.6 s

################################################################################
                     [1m Learning iteration 1042/1050 [0m                     

                       Computation: 23162 steps/s (collection: 6.055s, learning 0.311s)
               Value function loss: 0.0062
                    Surrogate loss: -0.0072
             Mean action noise std: 0.40
                    Estimator loss: 0.0597
               Mean reward (total): 2.96
               Mean episode length: 568.67
--------------------------------------------------------------------------------
            Mean episode rew_total: -2.2800
      Mean episode rew_action_rate: -0.0964
       Mean episode rew_ang_vel_xy: -0.0686
        Mean episode rew_collision: -2.1234
    Mean episode rew_delta_torques: -0.0000
          Mean episode rew_dof_acc: -0.0420
        Mean episode rew_dof_error: -0.0262
        Mean episode rew_feet_edge: 0.0000
     Mean episode rew_feet_stumble: -0.1275
          Mean episode rew_hip_pos: -0.0620
        Mean episode rew_lin_vel_z: -0.0167
      Mean episode rew_orientation: 0.0000
          Mean episode rew_torques: -0.0092
Mean episode rew_tracking_goal_vel: 0.1210
     Mean episode rew_tracking_yaw: 0.1711
        Mean episode terrain_level: 0.0000
Mean episode highest_terrain_level: 1.0111
      Mean episode randomize_level: 0.0000
--------------------------------------------------------------------------------
                   Total timesteps: 6340608
                    Iteration time: 6.37s
                        Total time: 256.44s
                               ETA: 0 mins 47.7 s

################################################################################
                     [1m Learning iteration 1043/1050 [0m                     

                       Computation: 23520 steps/s (collection: 5.968s, learning 0.301s)
               Value function loss: 0.0067
                    Surrogate loss: -0.0059
             Mean action noise std: 0.40
                    Estimator loss: 0.0578
               Mean reward (total): 3.06
               Mean episode length: 525.06
--------------------------------------------------------------------------------
            Mean episode rew_total: -2.9752
      Mean episode rew_action_rate: -0.1191
       Mean episode rew_ang_vel_xy: -0.0760
        Mean episode rew_collision: -2.7852
    Mean episode rew_delta_torques: -0.0000
          Mean episode rew_dof_acc: -0.0494
        Mean episode rew_dof_error: -0.0333
        Mean episode rew_feet_edge: 0.0000
     Mean episode rew_feet_stumble: -0.1669
          Mean episode rew_hip_pos: -0.0717
        Mean episode rew_lin_vel_z: -0.0171
      Mean episode rew_orientation: 0.0000
          Mean episode rew_torques: -0.0111
Mean episode rew_tracking_goal_vel: 0.1335
     Mean episode rew_tracking_yaw: 0.2212
        Mean episode terrain_level: 0.0000
Mean episode highest_terrain_level: 1.0111
      Mean episode randomize_level: 0.0000
--------------------------------------------------------------------------------
                   Total timesteps: 6488064
                    Iteration time: 6.27s
                        Total time: 262.71s
                               ETA: 0 mins 41.8 s

################################################################################
                     [1m Learning iteration 1044/1050 [0m                     

                       Computation: 23486 steps/s (collection: 5.966s, learning 0.312s)
               Value function loss: 0.0067
                    Surrogate loss: -0.0046
             Mean action noise std: 0.40
                    Estimator loss: 0.0546
               Mean reward (total): 2.74
               Mean episode length: 460.83
--------------------------------------------------------------------------------
            Mean episode rew_total: -2.2095
      Mean episode rew_action_rate: -0.1005
       Mean episode rew_ang_vel_xy: -0.0703
        Mean episode rew_collision: -2.0711
    Mean episode rew_delta_torques: -0.0000
          Mean episode rew_dof_acc: -0.0447
        Mean episode rew_dof_error: -0.0260
        Mean episode rew_feet_edge: 0.0000
     Mean episode rew_feet_stumble: -0.1218
          Mean episode rew_hip_pos: -0.0596
        Mean episode rew_lin_vel_z: -0.0159
      Mean episode rew_orientation: 0.0000
          Mean episode rew_torques: -0.0095
Mean episode rew_tracking_goal_vel: 0.1311
     Mean episode rew_tracking_yaw: 0.1788
        Mean episode terrain_level: 0.0000
Mean episode highest_terrain_level: 1.0111
      Mean episode randomize_level: 0.0000
--------------------------------------------------------------------------------
                   Total timesteps: 6635520
                    Iteration time: 6.28s
                        Total time: 268.99s
                               ETA: 0 mins 35.9 s

################################################################################
                     [1m Learning iteration 1045/1050 [0m                     

                       Computation: 23474 steps/s (collection: 5.979s, learning 0.302s)
               Value function loss: 0.0063
                    Surrogate loss: -0.0065
             Mean action noise std: 0.41
                    Estimator loss: 0.0567
               Mean reward (total): 3.06
               Mean episode length: 438.15
--------------------------------------------------------------------------------
            Mean episode rew_total: -2.3884
      Mean episode rew_action_rate: -0.1034
       Mean episode rew_ang_vel_xy: -0.0695
        Mean episode rew_collision: -2.2309
    Mean episode rew_delta_torques: -0.0000
          Mean episode rew_dof_acc: -0.0466
        Mean episode rew_dof_error: -0.0274
        Mean episode rew_feet_edge: 0.0000
     Mean episode rew_feet_stumble: -0.1344
          Mean episode rew_hip_pos: -0.0629
        Mean episode rew_lin_vel_z: -0.0158
      Mean episode rew_orientation: 0.0000
          Mean episode rew_torques: -0.0092
Mean episode rew_tracking_goal_vel: 0.1290
     Mean episode rew_tracking_yaw: 0.1825
        Mean episode terrain_level: 0.0000
Mean episode highest_terrain_level: 1.0111
      Mean episode randomize_level: 0.0000
--------------------------------------------------------------------------------
                   Total timesteps: 6782976
                    Iteration time: 6.28s
                        Total time: 275.27s
                               ETA: 0 mins 29.9 s

################################################################################
                     [1m Learning iteration 1046/1050 [0m                     

                       Computation: 23356 steps/s (collection: 6.002s, learning 0.311s)
               Value function loss: 0.0062
                    Surrogate loss: -0.0016
             Mean action noise std: 0.41
                    Estimator loss: 0.0564
               Mean reward (total): 3.27
               Mean episode length: 516.40
--------------------------------------------------------------------------------
            Mean episode rew_total: -1.9795
      Mean episode rew_action_rate: -0.0990
       Mean episode rew_ang_vel_xy: -0.0664
        Mean episode rew_collision: -1.8727
    Mean episode rew_delta_torques: -0.0000
          Mean episode rew_dof_acc: -0.0436
        Mean episode rew_dof_error: -0.0257
        Mean episode rew_feet_edge: 0.0000
     Mean episode rew_feet_stumble: -0.1118
          Mean episode rew_hip_pos: -0.0545
        Mean episode rew_lin_vel_z: -0.0155
      Mean episode rew_orientation: 0.0000
          Mean episode rew_torques: -0.0089
Mean episode rew_tracking_goal_vel: 0.1424
     Mean episode rew_tracking_yaw: 0.1763
        Mean episode terrain_level: 0.0000
Mean episode highest_terrain_level: 1.0111
      Mean episode randomize_level: 0.0000
--------------------------------------------------------------------------------
                   Total timesteps: 6930432
                    Iteration time: 6.31s
                        Total time: 281.58s
                               ETA: 0 mins 24.0 s

################################################################################
                     [1m Learning iteration 1047/1050 [0m                     

                       Computation: 23291 steps/s (collection: 6.028s, learning 0.302s)
               Value function loss: 0.0061
                    Surrogate loss: -0.0079
             Mean action noise std: 0.41
                    Estimator loss: 0.0573
               Mean reward (total): 2.86
               Mean episode length: 442.14
--------------------------------------------------------------------------------
            Mean episode rew_total: -1.9208
      Mean episode rew_action_rate: -0.0996
       Mean episode rew_ang_vel_xy: -0.0643
        Mean episode rew_collision: -1.7935
    Mean episode rew_delta_torques: -0.0000
          Mean episode rew_dof_acc: -0.0446
        Mean episode rew_dof_error: -0.0267
        Mean episode rew_feet_edge: 0.0000
     Mean episode rew_feet_stumble: -0.1140
          Mean episode rew_hip_pos: -0.0574
        Mean episode rew_lin_vel_z: -0.0149
      Mean episode rew_orientation: 0.0000
          Mean episode rew_torques: -0.0083
Mean episode rew_tracking_goal_vel: 0.1270
     Mean episode rew_tracking_yaw: 0.1756
        Mean episode terrain_level: 0.0000
Mean episode highest_terrain_level: 1.0111
      Mean episode randomize_level: 0.0000
--------------------------------------------------------------------------------
                   Total timesteps: 7077888
                    Iteration time: 6.33s
                        Total time: 287.91s
                               ETA: 0 mins 18.0 s

################################################################################
                     [1m Learning iteration 1048/1050 [0m                     

                       Computation: 23129 steps/s (collection: 6.063s, learning 0.312s)
               Value function loss: 0.0057
                    Surrogate loss: -0.0069
             Mean action noise std: 0.41
                    Estimator loss: 0.0579
               Mean reward (total): 3.22
               Mean episode length: 477.57
--------------------------------------------------------------------------------
            Mean episode rew_total: -1.9572
      Mean episode rew_action_rate: -0.0974
       Mean episode rew_ang_vel_xy: -0.0676
        Mean episode rew_collision: -1.8362
    Mean episode rew_delta_torques: -0.0000
          Mean episode rew_dof_acc: -0.0446
        Mean episode rew_dof_error: -0.0264
        Mean episode rew_feet_edge: 0.0000
     Mean episode rew_feet_stumble: -0.1085
          Mean episode rew_hip_pos: -0.0587
        Mean episode rew_lin_vel_z: -0.0154
      Mean episode rew_orientation: 0.0000
          Mean episode rew_torques: -0.0085
Mean episode rew_tracking_goal_vel: 0.1381
     Mean episode rew_tracking_yaw: 0.1681
        Mean episode terrain_level: 0.0000
Mean episode highest_terrain_level: 1.0111
      Mean episode randomize_level: 0.0000
--------------------------------------------------------------------------------
                   Total timesteps: 7225344
                    Iteration time: 6.38s
                        Total time: 294.29s
                               ETA: 0 mins 12.0 s

################################################################################
                     [1m Learning iteration 1049/1050 [0m                     

                       Computation: 23136 steps/s (collection: 6.071s, learning 0.302s)
               Value function loss: 0.0123
                    Surrogate loss: -0.0023
             Mean action noise std: 0.41
                    Estimator loss: 0.0579
               Mean reward (total): 3.21
               Mean episode length: 489.81
--------------------------------------------------------------------------------
            Mean episode rew_total: -2.0730
      Mean episode rew_action_rate: -0.1061
       Mean episode rew_ang_vel_xy: -0.0742
        Mean episode rew_collision: -1.9420
    Mean episode rew_delta_torques: -0.0000
          Mean episode rew_dof_acc: -0.0460
        Mean episode rew_dof_error: -0.0281
        Mean episode rew_feet_edge: 0.0000
     Mean episode rew_feet_stumble: -0.1051
          Mean episode rew_hip_pos: -0.0655
        Mean episode rew_lin_vel_z: -0.0162
      Mean episode rew_orientation: 0.0000
          Mean episode rew_torques: -0.0094
Mean episode rew_tracking_goal_vel: 0.1356
     Mean episode rew_tracking_yaw: 0.1840
        Mean episode terrain_level: 0.0000
Mean episode highest_terrain_level: 1.0111
      Mean episode randomize_level: 0.0000
--------------------------------------------------------------------------------
                   Total timesteps: 7372800
                    Iteration time: 6.37s
                        Total time: 300.66s
                               ETA: 0 mins 6.0 s

[INFO]: SimulationContext cleared
Done training!
