
====================================================================================================
Running command: /home/yoonsihyung/miniconda3/envs/eureka_lab6/bin/python -u /home/yoonsihyung/workspace/eurekaverse_lab3/eurekaverse/../extreme-parkour/legged_gym/legged_gym/scripts/train.py --task go2 --exptid 2026-07-06_01-48-01_0_0 --device cuda:0 --max_iterations 0 --terrain_type it-0_run-0_sample-6 --check_terrain_feasibility --terrain_length 18 --terrain_width 4 --vertical_scale 0.005 --horizontal_scale 0.05 --num_cols 40 --num_rows 10 --num_goals 8
====================================================================================================
Setting headless to True, overriding (pass --gui to keep the viewer)
Loading user config located at: '/home/yoonsihyung/miniconda3/envs/eureka_lab6/lib/python3.12/site-packages/isaacsim/kit/data/Kit/IsaacLab/3.0/user.config.json'
2026-07-05T16:49:27Z [0ms] [Warning] [omni.ext.plugin] [ext: isaaclab_visualizers] Extensions config 'extension.toml' doesn't exist '/home/yoonsihyung/workspace/IsaacLab3/source/isaaclab_visualizers' or '/home/yoonsihyung/workspace/IsaacLab3/source/isaaclab_visualizers/config'
WARNING: All log messages before absl::InitializeLog() is called are written to STDERR
E0000 00:00:1783270167.902477  118497 descriptor_database.cc:633] File already exists in database: grpc/health/v1/health.proto
W0000 00:00:1783270167.902505  118497 message.cc:301] Protobuf GeneratedMessageFactory: File is already registered: grpc/health/v1/health.proto
2026-07-05T16:49:28Z [279ms] [Warning] [omni.usd_config.extension] Enable omni.materialx.libs extension to use MaterialX
2026-07-05T16:49:28Z [1,063ms] [Warning] [isaacsim.core.simulation_manager.plugin] USD stage is not available; stage-opened subscription is deferred
2026-07-05T16:49:28Z [1,063ms] [Warning] [isaacsim.core.simulation_manager.plugin] USD stage is not available; stage-opened subscription is deferred
[ISAACLAB] AppLauncher initialization complete
2026-07-05T16:49:29Z [1,948ms] [Warning] [isaaclab_physx.physics.physx_manager] TGS solver with enable_external_forces_every_iteration=False may cause noisy velocities.
[INFO]: Base environment:
	Environment device    : cuda:0
	Environment seed      : 1
	Physics step-size     : 0.005
	Rendering step-size   : 0.02
	Environment step-size : 0.02
[INFO]: Registered backend 'physx' for factory ContactSensor.
[INFO]: Physics scene prim path: /physicsScene
********************************************************************************
Start creating ground...
Automatically fixed terrain 0: goals too close to edge
Automatically fixed terrain 0: goals too close to edge
Automatically fixed terrain 0: goals too close to edge
Automatically fixed terrain 0: goals too close to edge
Automatically fixed terrain 0: goals too close to edge
Automatically fixed terrain 0: goals too close to edge
Automatically fixed terrain 0: goals too close to edge
Automatically fixed terrain 0: goals too close to edge
Automatically fixed terrain 0: goals too close to edge
Automatically fixed terrain 0: goals too close to edge
Automatically fixed terrain 0: goals too close to edge
Automatically fixed terrain 0: goals too close to edge
Automatically fixed terrain 0: goals too close to edge
Automatically fixed terrain 0: goals too close to edge
Automatically fixed terrain 0: goals too close to edge
Automatically fixed terrain 0: goals too close to edge
Automatically fixed terrain 0: goals too close to edge
Automatically fixed terrain 0: goals too close to edge
Automatically fixed terrain 0: goals too close to edge
Automatically fixed terrain 0: goals too close to edge
Automatically fixed terrain 0: goals too close to edge
Automatically fixed terrain 0: goals too close to edge
Automatically fixed terrain 0: goals too close to edge
Automatically fixed terrain 0: goals too close to edge
Automatically fixed terrain 0: goals too close to edge
Automatically fixed terrain 0: goals too close to edge
Automatically fixed terrain 0: goals too close to edge
Automatically fixed terrain 0: goals too close to edge
Automatically fixed terrain 0: goals too close to edge
Automatically fixed terrain 0: goals too close to edge
Automatically fixed terrain 0: goals too close to edge
Automatically fixed terrain 0: goals too close to edge
Automatically fixed terrain 0: goals too close to edge
Automatically fixed terrain 0: goals too close to edge
Automatically fixed terrain 0: goals too close to edge
Automatically fixed terrain 0: goals too close to edge
Automatically fixed terrain 0: goals too close to edge
Automatically fixed terrain 0: goals too close to edge
Automatically fixed terrain 0: goals too close to edge
Automatically fixed terrain 0: goals too close to edge
Automatically fixed terrain 0: goals too close to edge
Automatically fixed terrain 0: goals too close to edge
Automatically fixed terrain 0: goals too close to edge
Automatically fixed terrain 0: goals too close to edge
Automatically fixed terrain 0: goals too close to edge
Automatically fixed terrain 0: goals too close to edge
Automatically fixed terrain 0: goals too close to edge
Automatically fixed terrain 0: goals too close to edge
Automatically fixed terrain 0: goals too close to edge
Automatically fixed terrain 0: goals too close to edge
Automatically fixed terrain 0: goals too close to edge
Automatically fixed terrain 0: goals too close to edge
Automatically fixed terrain 0: goals too close to edge
Automatically fixed terrain 0: goals too close to edge
Automatically fixed terrain 0: goals too close to edge
Automatically fixed terrain 0: goals too close to edge
Automatically fixed terrain 0: goals too close to edge
Automatically fixed terrain 0: goals too close to edge
Automatically fixed terrain 0: goals too close to edge
Automatically fixed terrain 0: goals too close to edge
Automatically fixed terrain 0: goals too close to edge
Automatically fixed terrain 0: goals too close to edge
Automatically fixed terrain 0: goals too close to edge
Automatically fixed terrain 0: goals too close to edge
Automatically fixed terrain 0: goals too close to edge
Automatically fixed terrain 0: goals too close to edge
Automatically fixed terrain 0: goals too close to edge
Automatically fixed terrain 0: goals too close to edge
Automatically fixed terrain 0: goals too close to edge
Automatically fixed terrain 0: goals too close to edge
Automatically fixed terrain 0: goals too close to edge
Automatically fixed terrain 0: goals too close to edge
Automatically fixed terrain 0: goals too close to edge
Automatically fixed terrain 0: goals too close to edge
Automatically fixed terrain 0: goals too close to edge
Automatically fixed terrain 0: goals too close to edge
Automatically fixed terrain 0: goals too close to edge
Automatically fixed terrain 0: goals too close to edge
Automatically fixed terrain 0: goals too close to edge
Automatically fixed terrain 0: goals too close to edge
Automatically fixed terrain 0: goals too close to edge
Automatically fixed terrain 0: goals too close to edge
Automatically fixed terrain 0: goals too close to edge
Automatically fixed terrain 0: goals too close to edge
Automatically fixed terrain 0: goals too close to edge
Automatically fixed terrain 0: goals too close to edge
Automatically fixed terrain 0: goals too close to edge
Automatically fixed terrain 0: goals too close to edge
Automatically fixed terrain 0: goals too close to edge
Automatically fixed terrain 0: goals too close to edge
Automatically fixed terrain 0: goals too close to edge
Automatically fixed terrain 0: goals too close to edge
Automatically fixed terrain 0: goals too close to edge
Automatically fixed terrain 0: goals too close to edge
Automatically fixed terrain 0: goals too close to edge
Automatically fixed terrain 0: goals too close to edge
Automatically fixed terrain 0: goals too close to edge
Automatically fixed terrain 0: goals too close to edge
Automatically fixed terrain 0: goals too close to edge
Automatically fixed terrain 0: goals too close to edge
Automatically fixed terrain 0: goals too close to edge
Automatically fixed terrain 0: goals too close to edge
Automatically fixed terrain 0: goals too close to edge
Automatically fixed terrain 0: goals too close to edge
Automatically fixed terrain 0: goals too close to edge
Automatically fixed terrain 0: goals too close to edge
Automatically fixed terrain 0: goals too close to edge
Automatically fixed terrain 0: goals too close to edge
Automatically fixed terrain 0: goals too close to edge
Automatically fixed terrain 0: goals too close to edge
Automatically fixed terrain 0: goals too close to edge
Automatically fixed terrain 0: goals too close to edge
Automatically fixed terrain 0: goals too close to edge
Automatically fixed terrain 0: goals too close to edge
Automatically fixed terrain 0: goals too close to edge
Automatically fixed terrain 0: goals too close to edge
Automatically fixed terrain 0: goals too close to edge
Automatically fixed terrain 0: goals too close to edge
Automatically fixed terrain 0: goals too close to edge
Automatically fixed terrain 0: goals too close to edge
Automatically fixed terrain 0: goals too close to edge
Automatically fixed terrain 0: goals too close to edge
Automatically fixed terrain 0: goals too close to edge
Automatically fixed terrain 0: goals too close to edge
Automatically fixed terrain 0: goals too close to edge
Automatically fixed terrain 0: goals too close to edge
Automatically fixed terrain 0: goals too close to edge
Automatically fixed terrain 0: goals too close to edge
Automatically fixed terrain 0: goals too close to edge
Automatically fixed terrain 0: goals too close to edge
Automatically fixed terrain 0: goals too close to edge
Automatically fixed terrain 0: goals too close to edge
Automatically fixed terrain 0: goals too close to edge
Automatically fixed terrain 0: goals too close to edge
Automatically fixed terrain 0: goals too close to edge
Automatically fixed terrain 0: goals too close to edge
Automatically fixed terrain 0: goals too close to edge
Automatically fixed terrain 0: goals too close to edge
Automatically fixed terrain 0: goals too close to edge
Automatically fixed terrain 0: goals too close to edge
Automatically fixed terrain 0: goals too close to edge
Automatically fixed terrain 0: goals too close to edge
Automatically fixed terrain 0: goals too close to edge
Automatically fixed terrain 0: goals too close to edge
Automatically fixed terrain 0: goals too close to edge
Automatically fixed terrain 0: goals too close to edge
Automatically fixed terrain 0: goals too close to edge
Automatically fixed terrain 0: goals too close to edge
Automatically fixed terrain 0: goals too close to edge
Automatically fixed terrain 0: goals too close to edge
Automatically fixed terrain 0: goals too close to edge
Automatically fixed terrain 0: goals too close to edge
Automatically fixed terrain 0: goals too close to edge
Automatically fixed terrain 0: goals too close to edge
Automatically fixed terrain 0: goals too close to edge
Automatically fixed terrain 0: goals too close to edge
Automatically fixed terrain 0: goals too close to edge
Automatically fixed terrain 0: goals too close to edge
Automatically fixed terrain 0: goals too close to edge
Automatically fixed terrain 0: goals too close to edge
Automatically fixed terrain 0: goals too close to edge
Automatically fixed terrain 0: goals too close to edge
Automatically fixed terrain 0: goals too close to edge
Automatically fixed terrain 0: goals too close to edge
Automatically fixed terrain 0: goals too close to edge
Automatically fixed terrain 0: goals too close to edge
Automatically fixed terrain 0: goals too close to edge
Automatically fixed terrain 0: goals too close to edge
Automatically fixed terrain 0: goals too close to edge
Automatically fixed terrain 0: goals too close to edge
Automatically fixed terrain 0: goals too close to edge
Automatically fixed terrain 0: goals too close to edge
Automatically fixed terrain 0: goals too close to edge
Automatically fixed terrain 0: goals too close to edge
Automatically fixed terrain 0: goals too close to edge
Automatically fixed terrain 0: goals too close to edge
Automatically fixed terrain 0: goals too close to edge
Automatically fixed terrain 0: goals too close to edge
Automatically fixed terrain 0: goals too close to edge
Automatically fixed terrain 0: goals too close to edge
Automatically fixed terrain 0: goals too close to edge
Automatically fixed terrain 0: goals too close to edge
Automatically fixed terrain 0: goals too close to edge
Automatically fixed terrain 0: goals too close to edge
Automatically fixed terrain 0: goals too close to edge
Automatically fixed terrain 0: goals too close to edge
Automatically fixed terrain 0: goals too close to edge
Automatically fixed terrain 0: goals too close to edge
Automatically fixed terrain 0: goals too close to edge
Automatically fixed terrain 0: goals too close to edge
Automatically fixed terrain 0: goals too close to edge
Automatically fixed terrain 0: goals too close to edge
Automatically fixed terrain 0: goals too close to edge
Automatically fixed terrain 0: goals too close to edge
Automatically fixed terrain 0: goals too close to edge
Automatically fixed terrain 0: goals too close to edge
Automatically fixed terrain 0: goals too close to edge
Automatically fixed terrain 0: goals too close to edge
Automatically fixed terrain 0: goals too close to edge
Automatically fixed terrain 0: goals too close to edge
Automatically fixed terrain 0: goals too close to edge
Automatically fixed terrain 0: goals too close to edge
Automatically fixed terrain 0: goals too close to edge
Automatically fixed terrain 0: goals too close to edge
Automatically fixed terrain 0: goals too close to edge
Automatically fixed terrain 0: goals too close to edge
Automatically fixed terrain 0: goals too close to edge
Automatically fixed terrain 0: goals too close to edge
Automatically fixed terrain 0: goals too close to edge
Automatically fixed terrain 0: goals too close to edge
Automatically fixed terrain 0: goals too close to edge
Automatically fixed terrain 0: goals too close to edge
Automatically fixed terrain 0: goals too close to edge
Automatically fixed terrain 0: goals too close to edge
Automatically fixed terrain 0: goals too close to edge
Automatically fixed terrain 0: goals too close to edge
Automatically fixed terrain 0: goals too close to edge
Automatically fixed terrain 0: goals too close to edge
Automatically fixed terrain 0: goals too close to edge
Automatically fixed terrain 0: goals too close to edge
Automatically fixed terrain 0: goals too close to edge
Automatically fixed terrain 0: goals too close to edge
Automatically fixed terrain 0: goals too close to edge
Automatically fixed terrain 0: goals too close to edge
Automatically fixed terrain 0: goals too close to edge
Automatically fixed terrain 0: goals too close to edge
Automatically fixed terrain 0: goals too close to edge
Automatically fixed terrain 0: goals too close to edge
Automatically fixed terrain 0: goals too close to edge
Automatically fixed terrain 0: goals too close to edge
Automatically fixed terrain 0: goals too close to edge
Automatically fixed terrain 0: goals too close to edge
Automatically fixed terrain 0: goals too close to edge
Automatically fixed terrain 0: goals too close to edge
Automatically fixed terrain 0: goals too close to edge
Automatically fixed terrain 0: goals too close to edge
Automatically fixed terrain 0: goals too close to edge
Automatically fixed terrain 0: goals too close to edge
Automatically fixed terrain 0: goals too close to edge
Automatically fixed terrain 0: goals too close to edge
Automatically fixed terrain 0: goals too close to edge
Automatically fixed terrain 0: goals too close to edge
Automatically fixed terrain 0: goals too close to edge
Automatically fixed terrain 0: goals too close to edge
Automatically fixed terrain 0: goals too close to edge
Automatically fixed terrain 0: goals too close to edge
Automatically fixed terrain 0: goals too close to edge
Automatically fixed terrain 0: goals too close to edge
Automatically fixed terrain 0: goals too close to edge
Automatically fixed terrain 0: goals too close to edge
Automatically fixed terrain 0: goals too close to edge
Automatically fixed terrain 0: goals too close to edge
Automatically fixed terrain 0: goals too close to edge
Automatically fixed terrain 0: goals too close to edge
Automatically fixed terrain 0: goals too close to edge
Automatically fixed terrain 0: goals too close to edge
Automatically fixed terrain 0: goals too close to edge
Automatically fixed terrain 0: goals too close to edge
Automatically fixed terrain 0: goals too close to edge
Automatically fixed terrain 0: goals too close to edge
Automatically fixed terrain 0: goals too close to edge
Automatically fixed terrain 0: goals too close to edge
Automatically fixed terrain 0: goals too close to edge
Automatically fixed terrain 0: goals too close to edge
Automatically fixed terrain 0: goals too close to edge
Automatically fixed terrain 0: goals too close to edge
Automatically fixed terrain 0: goals too close to edge
Automatically fixed terrain 0: goals too close to edge
Automatically fixed terrain 0: goals too close to edge
Automatically fixed terrain 0: goals too close to edge
Automatically fixed terrain 0: goals too close to edge
Automatically fixed terrain 0: goals too close to edge
Automatically fixed terrain 0: goals too close to edge
Automatically fixed terrain 0: goals too close to edge
Automatically fixed terrain 0: goals too close to edge
Automatically fixed terrain 0: goals too close to edge
Automatically fixed terrain 0: goals too close to edge
Automatically fixed terrain 0: goals too close to edge
Automatically fixed terrain 0: goals too close to edge
Automatically fixed terrain 0: goals too close to edge
Automatically fixed terrain 0: goals too close to edge
Automatically fixed terrain 0: goals too close to edge
Automatically fixed terrain 0: goals too close to edge
Automatically fixed terrain 0: goals too close to edge
Automatically fixed terrain 0: goals too close to edge
Automatically fixed terrain 0: goals too close to edge
Automatically fixed terrain 0: goals too close to edge
Automatically fixed terrain 0: goals too close to edge
Automatically fixed terrain 0: goals too close to edge
Automatically fixed terrain 0: goals too close to edge
Automatically fixed terrain 0: goals too close to edge
Automatically fixed terrain 0: goals too close to edge
Automatically fixed terrain 0: goals too close to edge
Automatically fixed terrain 0: goals too close to edge
Automatically fixed terrain 0: goals too close to edge
Automatically fixed terrain 0: goals too close to edge
Automatically fixed terrain 0: goals too close to edge
Automatically fixed terrain 0: goals too close to edge
Automatically fixed terrain 0: goals too close to edge
Automatically fixed terrain 0: goals too close to edge
Automatically fixed terrain 0: goals too close to edge
Automatically fixed terrain 0: goals too close to edge
Automatically fixed terrain 0: goals too close to edge
Automatically fixed terrain 0: goals too close to edge
Automatically fixed terrain 0: goals too close to edge
Automatically fixed terrain 0: goals too close to edge
Automatically fixed terrain 0: goals too close to edge
Automatically fixed terrain 0: goals too close to edge
Automatically fixed terrain 0: goals too close to edge
Automatically fixed terrain 0: goals too close to edge
Automatically fixed terrain 0: goals too close to edge
Automatically fixed terrain 0: goals too close to edge
Automatically fixed terrain 0: goals too close to edge
Automatically fixed terrain 0: goals too close to edge
Automatically fixed terrain 0: goals too close to edge
Automatically fixed terrain 0: goals too close to edge
Automatically fixed terrain 0: goals too close to edge
Automatically fixed terrain 0: goals too close to edge
Automatically fixed terrain 0: goals too close to edge
Automatically fixed terrain 0: goals too close to edge
Automatically fixed terrain 0: goals too close to edge
Automatically fixed terrain 0: goals too close to edge
Automatically fixed terrain 0: goals too close to edge
Automatically fixed terrain 0: goals too close to edge
Automatically fixed terrain 0: goals too close to edge
Automatically fixed terrain 0: goals too close to edge
Automatically fixed terrain 0: goals too close to edge
Automatically fixed terrain 0: goals too close to edge
Automatically fixed terrain 0: goals too close to edge
Automatically fixed terrain 0: goals too close to edge
Automatically fixed terrain 0: goals too close to edge
Automatically fixed terrain 0: goals too close to edge
Automatically fixed terrain 0: goals too close to edge
Automatically fixed terrain 0: goals too close to edge
Automatically fixed terrain 0: goals too close to edge
Automatically fixed terrain 0: goals too close to edge
Automatically fixed terrain 0: goals too close to edge
Automatically fixed terrain 0: goals too close to edge
Automatically fixed terrain 0: goals too close to edge
Automatically fixed terrain 0: goals too close to edge
Automatically fixed terrain 0: goals too close to edge
Automatically fixed terrain 0: goals too close to edge
Automatically fixed terrain 0: goals too close to edge
Automatically fixed terrain 0: goals too close to edge
Automatically fixed terrain 0: goals too close to edge
Automatically fixed terrain 0: goals too close to edge
Automatically fixed terrain 0: goals too close to edge
Automatically fixed terrain 0: goals too close to edge
Automatically fixed terrain 0: goals too close to edge
Automatically fixed terrain 0: goals too close to edge
Automatically fixed terrain 0: goals too close to edge
Automatically fixed terrain 0: goals too close to edge
Automatically fixed terrain 0: goals too close to edge
Automatically fixed terrain 0: goals too close to edge
Automatically fixed terrain 0: goals too close to edge
Automatically fixed terrain 0: goals too close to edge
Automatically fixed terrain 0: goals too close to edge
Automatically fixed terrain 0: goals too close to edge
Automatically fixed terrain 0: goals too close to edge
Automatically fixed terrain 0: goals too close to edge
Automatically fixed terrain 0: goals too close to edge
Automatically fixed terrain 0: goals too close to edge
Automatically fixed terrain 0: goals too close to edge
Automatically fixed terrain 0: goals too close to edge
Automatically fixed terrain 0: goals too close to edge
Automatically fixed terrain 0: goals too close to edge
Automatically fixed terrain 0: goals too close to edge
Automatically fixed terrain 0: goals too close to edge
Automatically fixed terrain 0: goals too close to edge
Automatically fixed terrain 0: goals too close to edge
Automatically fixed terrain 0: goals too close to edge
Automatically fixed terrain 0: goals too close to edge
Automatically fixed terrain 0: goals too close to edge
Automatically fixed terrain 0: goals too close to edge
Automatically fixed terrain 0: goals too close to edge
Automatically fixed terrain 0: goals too close to edge
Automatically fixed terrain 0: goals too close to edge
Automatically fixed terrain 0: goals too close to edge
Automatically fixed terrain 0: goals too close to edge
Automatically fixed terrain 0: goals too close to edge
Automatically fixed terrain 0: goals too close to edge
Automatically fixed terrain 0: goals too close to edge
Automatically fixed terrain 0: goals too close to edge
Automatically fixed terrain 0: goals too close to edge
Automatically fixed terrain 0: goals too close to edge
Automatically fixed terrain 0: goals too close to edge
Automatically fixed terrain 0: goals too close to edge
Automatically fixed terrain 0: goals too close to edge
Automatically fixed terrain 0: goals too close to edge
Automatically fixed terrain 0: goals too close to edge
Automatically fixed terrain 0: goals too close to edge
Automatically fixed terrain 0: goals too close to edge
Automatically fixed terrain 0: goals too close to edge
Automatically fixed terrain 0: goals too close to edge
Automatically fixed terrain 0: goals too close to edge
Automatically fixed terrain 0: goals too close to edge
Automatically fixed terrain 0: goals too close to edge
Automatically fixed terrain 0: goals too close to edge
Automatically fixed terrain 0: goals too close to edge
Automatically fixed terrain 0: goals too close to edge
Converting heightmap to trimesh...
