
====================================================================================================
Running command: /home/yoonsihyung/miniconda3/envs/eureka_lab6/bin/python -u /home/yoonsihyung/workspace/eurekaverse_lab3/eurekaverse/../extreme-parkour/legged_gym/legged_gym/scripts/train.py --task go2 --exptid 2026-07-06_01-48-01_0_0 --device cuda:0 --max_iterations 0 --terrain_type it-0_run-0_sample-4 --check_terrain_feasibility --terrain_length 18 --terrain_width 4 --vertical_scale 0.005 --horizontal_scale 0.05 --num_cols 40 --num_rows 10 --num_goals 8
====================================================================================================
Setting headless to True, overriding (pass --gui to keep the viewer)
Loading user config located at: '/home/yoonsihyung/miniconda3/envs/eureka_lab6/lib/python3.12/site-packages/isaacsim/kit/data/Kit/IsaacLab/3.0/user.config.json'
2026-07-05T16:49:05Z [0ms] [Warning] [omni.ext.plugin] [ext: isaaclab_visualizers] Extensions config 'extension.toml' doesn't exist '/home/yoonsihyung/workspace/IsaacLab3/source/isaaclab_visualizers' or '/home/yoonsihyung/workspace/IsaacLab3/source/isaaclab_visualizers/config'
WARNING: All log messages before absl::InitializeLog() is called are written to STDERR
E0000 00:00:1783270145.306020  118228 descriptor_database.cc:633] File already exists in database: grpc/health/v1/health.proto
W0000 00:00:1783270145.306048  118228 message.cc:301] Protobuf GeneratedMessageFactory: File is already registered: grpc/health/v1/health.proto
2026-07-05T16:49:05Z [293ms] [Warning] [omni.usd_config.extension] Enable omni.materialx.libs extension to use MaterialX
2026-07-05T16:49:06Z [1,067ms] [Warning] [isaacsim.core.simulation_manager.plugin] USD stage is not available; stage-opened subscription is deferred
2026-07-05T16:49:06Z [1,067ms] [Warning] [isaacsim.core.simulation_manager.plugin] USD stage is not available; stage-opened subscription is deferred
[ISAACLAB] AppLauncher initialization complete
2026-07-05T16:49:07Z [1,981ms] [Warning] [isaaclab_physx.physics.physx_manager] TGS solver with enable_external_forces_every_iteration=False may cause noisy velocities.
[INFO]: Base environment:
	Environment device    : cuda:0
	Environment seed      : 1
	Physics step-size     : 0.005
	Rendering step-size   : 0.02
	Environment step-size : 0.02
[INFO]: Registered backend 'physx' for factory ContactSensor.
[INFO]: Physics scene prim path: /physicsScene
********************************************************************************
Start creating ground...
[INFO]: Time taken for scene creation Last: 1.655260 s, Mean: 1.655260 s, Std: 0.000000 s, N: 1
[INFO]: SimulationContext cleared
Traceback (most recent call last):
  File "/home/yoonsihyung/workspace/eurekaverse_lab3/eurekaverse/../extreme-parkour/legged_gym/legged_gym/scripts/train.py", line 128, in <module>
    train(args)
  File "/home/yoonsihyung/workspace/eurekaverse_lab3/eurekaverse/../extreme-parkour/legged_gym/legged_gym/scripts/train.py", line 95, in train
    env, env_cfg = task_registry.make_env(args=args, name=args.task, render_mode=None)
                   ^^^^^^^^^^^^^^^^^^^^^^^^^^^^^^^^^^^^^^^^^^^^^^^^^^^^^^^^^^^^^^^^^^^
  File "/home/yoonsihyung/workspace/eurekaverse_lab3/extreme-parkour/legged_gym/legged_gym/utils/task_registry.py", line 99, in make_env
    env = task_class(
          ^^^^^^^^^^^
  File "/home/yoonsihyung/workspace/eurekaverse_lab3/extreme-parkour/legged_gym/legged_gym/envs/base/legged_robot.py", line 92, in __init__
    super().__init__(cfg, render_mode)
  File "/home/yoonsihyung/workspace/IsaacLab3/source/isaaclab/isaaclab/envs/direct_rl_env.py", line 120, in __init__
    self._init_sim(render_mode, **kwargs)
  File "/home/yoonsihyung/workspace/IsaacLab3/source/isaaclab/isaaclab/envs/direct_rl_env.py", line 157, in _init_sim
    self._setup_scene()
  File "/home/yoonsihyung/workspace/eurekaverse_lab3/extreme-parkour/legged_gym/legged_gym/envs/base/legged_robot.py", line 573, in _setup_scene
    self.terrain = Terrain(self.cfg.terrain, self.num_envs)
                   ^^^^^^^^^^^^^^^^^^^^^^^^^^^^^^^^^^^^^^^^
  File "/home/yoonsihyung/workspace/eurekaverse_lab3/extreme-parkour/legged_gym/legged_gym/utils/terrain_gpt.py", line 162, in __init__
    terrain = self.make_terrain(variation, difficulty)
              ^^^^^^^^^^^^^^^^^^^^^^^^^^^^^^^^^^^^^^^^
  File "/home/yoonsihyung/workspace/eurekaverse_lab3/extreme-parkour/legged_gym/legged_gym/utils/terrain_gpt.py", line 255, in make_terrain
    check_terrain_feasibility(terrain, allow_flat_terrain=(difficulty == 0))
  File "/home/yoonsihyung/workspace/eurekaverse_lab3/extreme-parkour/legged_gym/legged_gym/utils/terrain_gpt.py", line 300, in check_terrain_feasibility
    assert diff_along_path <= round(0.8 / terrain.vertical_scale), f'Generated terrain has maximum height difference of {diff_along_path} along direct path, not feasible!'
           ^^^^^^^^^^^^^^^^^^^^^^^^^^^^^^^^^^^^^^^^^^^^^^^^^^^^^^
AssertionError: Generated terrain has maximum height difference of 208 along direct path, not feasible!
